[    0.000000] Initializing cgroup subsys cpuset
[    0.000000] Initializing cgroup subsys cpu
[    0.000000] Initializing cgroup subsys cpuacct
[    0.000000] Linux version 4.4.0 (root@ubuntu) (gcc version 5.4.0 20160609 (Ubuntu 5.4.0-6ubuntu1~16.04.12) ) #53 SMP Fri Oct 28 17:20:51 CDT 2022
[    0.000000] Command line: BOOT_IMAGE=/boot/vmlinuz-4.4.0 root=UUID=a2e83cc8-9129-4a9d-ab9d-4adb7b5bfc20 ro nokaslr
[    0.000000] KERNEL supported cpus:
[    0.000000]   Intel GenuineIntel
[    0.000000]   AMD AuthenticAMD
[    0.000000]   Centaur CentaurHauls
[    0.000000] x86/fpu: Legacy x87 FPU detected.
[    0.000000] x86/fpu: Using 'lazy' FPU context switches.
[    0.000000] e820: BIOS-provided physical RAM map:
[    0.000000] BIOS-e820: [mem 0x0000000000000000-0x000000000009fbff] usable
[    0.000000] BIOS-e820: [mem 0x000000000009fc00-0x000000000009ffff] reserved
[    0.000000] BIOS-e820: [mem 0x00000000000f0000-0x00000000000fffff] reserved
[    0.000000] BIOS-e820: [mem 0x0000000000100000-0x000000007ffeffff] usable
[    0.000000] BIOS-e820: [mem 0x000000007fff0000-0x000000007fffffff] ACPI data
[    0.000000] BIOS-e820: [mem 0x00000000fec00000-0x00000000fec00fff] reserved
[    0.000000] BIOS-e820: [mem 0x00000000fee00000-0x00000000fee00fff] reserved
[    0.000000] BIOS-e820: [mem 0x00000000fffc0000-0x00000000ffffffff] reserved
[    0.000000] NX (Execute Disable) protection: active
[    0.000000] SMBIOS 2.5 present.
[    0.000000] DMI: innotek GmbH VirtualBox/VirtualBox, BIOS VirtualBox 12/01/2006
[    0.000000] e820: update [mem 0x00000000-0x00000fff] usable ==> reserved
[    0.000000] e820: remove [mem 0x000a0000-0x000fffff] usable
[    0.000000] e820: last_pfn = 0x7fff0 max_arch_pfn = 0x400000000
[    0.000000] MTRR default type: uncachable
[    0.000000] MTRR fixed ranges disabled:
[    0.000000]   00000-FFFFF uncachable
[    0.000000] MTRR variable ranges disabled:
[    0.000000]   0 disabled
[    0.000000]   1 disabled
[    0.000000]   2 disabled
[    0.000000]   3 disabled
[    0.000000]   4 disabled
[    0.000000]   5 disabled
[    0.000000]   6 disabled
[    0.000000]   7 disabled
[    0.000000] x86/PAT: Configuration [0-7]: WB  WC  UC- UC  WB  WC  UC- WT  
[    0.000000] MTRR: Disabled
[    0.000000] CPU MTRRs all blank - virtualized system.
[    0.000000] found SMP MP-table at [mem 0x0009fff0-0x0009ffff] mapped at [ffff88000009fff0]
[    0.000000] Base memory trampoline at [ffff880000099000] 99000 size 24576
[    0.000000] BRK [0x019fc000, 0x019fcfff] PGTABLE
[    0.000000] BRK [0x019fd000, 0x019fdfff] PGTABLE
[    0.000000] BRK [0x019fe000, 0x019fefff] PGTABLE
[    0.000000] BRK [0x019ff000, 0x019fffff] PGTABLE
[    0.000000] BRK [0x01a00000, 0x01a00fff] PGTABLE
[    0.000000] RAMDISK: [mem 0x35ea6000-0x36f4afff]
[    0.000000] ACPI: Early table checksum verification disabled
[    0.000000] ACPI: RSDP 0x00000000000E0000 000024 (v02 VBOX  )
[    0.000000] ACPI: XSDT 0x000000007FFF0030 00003C (v01 VBOX   VBOXXSDT 00000001 ASL  00000061)
[    0.000000] ACPI: FACP 0x000000007FFF00F0 0000F4 (v04 VBOX   VBOXFACP 00000001 ASL  00000061)
[    0.000000] ACPI: DSDT 0x000000007FFF0490 002325 (v02 VBOX   VBOXBIOS 00000002 INTL 20100528)
[    0.000000] ACPI: FACS 0x000000007FFF0200 000040
[    0.000000] ACPI: FACS 0x000000007FFF0200 000040
[    0.000000] ACPI: APIC 0x000000007FFF0240 00007C (v02 VBOX   VBOXAPIC 00000001 ASL  00000061)
[    0.000000] ACPI: SSDT 0x000000007FFF02C0 0001CC (v01 VBOX   VBOXCPUT 00000002 INTL 20100528)
[    0.000000] ACPI: Local APIC address 0xfee00000
[    0.000000] Zone ranges:
[    0.000000]   DMA      [mem 0x0000000000001000-0x0000000000ffffff]
[    0.000000]   DMA32    [mem 0x0000000001000000-0x000000007ffeffff]
[    0.000000]   Normal   empty
[    0.000000] Movable zone start for each node
[    0.000000] Early memory node ranges
[    0.000000]   node   0: [mem 0x0000000000001000-0x000000000009efff]
[    0.000000]   node   0: [mem 0x0000000000100000-0x000000007ffeffff]
[    0.000000] Initmem setup node 0 [mem 0x0000000000001000-0x000000007ffeffff]
[    0.000000] On node 0 totalpages: 524174
[    0.000000]   DMA zone: 64 pages used for memmap
[    0.000000]   DMA zone: 21 pages reserved
[    0.000000]   DMA zone: 3998 pages, LIFO batch:0
[    0.000000]   DMA32 zone: 8128 pages used for memmap
[    0.000000]   DMA32 zone: 520176 pages, LIFO batch:31
[    0.000000] ACPI: PM-Timer IO Port: 0x4008
[    0.000000] ACPI: Local APIC address 0xfee00000
[    0.000000] IOAPIC[0]: apic_id 6, version 32, address 0xfec00000, GSI 0-23
[    0.000000] ACPI: INT_SRC_OVR (bus 0 bus_irq 0 global_irq 2 dfl dfl)
[    0.000000] ACPI: INT_SRC_OVR (bus 0 bus_irq 9 global_irq 9 low level)
[    0.000000] ACPI: IRQ0 used by override.
[    0.000000] ACPI: IRQ9 used by override.
[    0.000000] Using ACPI (MADT) for SMP configuration information
[    0.000000] smpboot: Allowing 6 CPUs, 0 hotplug CPUs
[    0.000000] e820: [mem 0x80000000-0xfebfffff] available for PCI devices
[    0.000000] clocksource: refined-jiffies: mask: 0xffffffff max_cycles: 0xffffffff, max_idle_ns: 7645519600211568 ns
[    0.000000] setup_percpu: NR_CPUS:512 nr_cpumask_bits:512 nr_cpu_ids:6 nr_node_ids:1
[    0.000000] PERCPU: Embedded 31 pages/cpu @ffff88007fc00000 s86360 r8192 d32424 u262144
[    0.000000] pcpu-alloc: s86360 r8192 d32424 u262144 alloc=1*2097152
[    0.000000] pcpu-alloc: [0] 0 1 2 3 4 5 - - 
[    0.000000] Built 1 zonelists in Zone order, mobility grouping on.  Total pages: 515961
[    0.000000] Kernel command line: BOOT_IMAGE=/boot/vmlinuz-4.4.0 root=UUID=a2e83cc8-9129-4a9d-ab9d-4adb7b5bfc20 ro nokaslr
[    0.000000] PID hash table entries: 4096 (order: 3, 32768 bytes)
[    0.000000] Dentry cache hash table entries: 262144 (order: 9, 2097152 bytes)
[    0.000000] Inode-cache hash table entries: 131072 (order: 8, 1048576 bytes)
[    0.000000] Memory: 2032484K/2096696K available (5377K kernel code, 581K rwdata, 2724K rodata, 812K init, 692K bss, 64212K reserved, 0K cma-reserved)
[    0.000000] Hierarchical RCU implementation.
[    0.000000] 	Build-time adjustment of leaf fanout to 64.
[    0.000000] 	RCU restricting CPUs from NR_CPUS=512 to nr_cpu_ids=6.
[    0.000000] RCU: Adjusting geometry for rcu_fanout_leaf=64, nr_cpu_ids=6
[    0.000000] NR_IRQS:33024 nr_irqs:472 16
[    0.000000] Console: colour VGA+ 80x25
[    0.000000] console [tty0] enabled
[    0.000000] tsc: Fast TSC calibration failed
[    0.000000] tsc: Unable to calibrate against PIT
[    0.000000] tsc: HPET/PMTIMER calibration failed
[    0.000000] tsc: Marking TSC unstable due to could not calculate TSC khz
[    0.028000] Calibrating delay loop... 2648.06 BogoMIPS (lpj=5296128)
[    0.044000] pid_max: default: 32768 minimum: 301
[    0.048000] ACPI: Core revision 20150930
[    0.052000] ACPI: 2 ACPI AML tables successfully acquired and loaded
[    0.056000] Mount-cache hash table entries: 4096 (order: 3, 32768 bytes)
[    0.060000] Mountpoint-cache hash table entries: 4096 (order: 3, 32768 bytes)
[    0.064000] Initializing cgroup subsys io
[    0.068000] Initializing cgroup subsys memory
[    0.068000] Initializing cgroup subsys devices
[    0.072000] Initializing cgroup subsys freezer
[    0.076000] Initializing cgroup subsys net_cls
[    0.080000] Initializing cgroup subsys perf_event
[    0.080000] Initializing cgroup subsys net_prio
[    0.084000] Initializing cgroup subsys pids
[    0.092000] CPU: Physical Processor ID: 0
[    0.092000] CPU: Processor Core ID: 0
[    0.096000] mce: CPU supports 0 MCE banks
[    0.100000] Last level iTLB entries: 4KB 64, 2MB 8, 4MB 8
[    0.100000] Last level dTLB entries: 4KB 64, 2MB 0, 4MB 0, 1GB 4
[    0.120000] Freeing SMP alternatives memory: 20K (ffffffff81949000 - ffffffff8194e000)
[    0.144000] ..TIMER: vector=0x30 apic1=0 pin1=2 apic2=-1 pin2=-1
[    0.168000] smpboot: CPU0: Intel(R) Core(TM) i7-7700HQ CPU @ 2.80GHz (family: 0x6, model: 0x9e, stepping: 0x9)
[    0.172000] Performance Events: unsupported p6 CPU model 158 no PMU driver, software events only.
[    0.180000] x86: Booting SMP configuration:
[    0.184000] .... node  #0, CPUs:      #1
[    0.188000] NMI watchdog: disabled (cpu0): hardware events not enabled
[    0.192000] NMI watchdog: Shutting down hard lockup detector on all cpus
[    0.028000] mce: CPU supports 0 MCE banks
[    0.028000]  #2
[    0.028000] mce: CPU supports 0 MCE banks
[    0.028000]  #3
[    0.028000] mce: CPU supports 0 MCE banks
[    0.028000]  #4
[    0.028000] mce: CPU supports 0 MCE banks
[    0.028000]  #5
[    0.028000] mce: CPU supports 0 MCE banks
[    0.232000] x86: Booted up 1 node, 6 CPUs
[    0.236000] smpboot: Total of 6 processors activated (15888.38 BogoMIPS)
[    0.244000] devtmpfs: initialized
[    0.248000] clocksource: jiffies: mask: 0xffffffff max_cycles: 0xffffffff, max_idle_ns: 7645041785100000 ns
[    0.256000] pinctrl core: initialized pinctrl subsystem
[    0.260000] NET: Registered protocol family 16
[    0.272000] cpuidle: using governor ladder
[    0.284000] cpuidle: using governor menu
[    0.284000] ACPI: bus type PCI registered
[    0.284000] PCI: Using configuration type 1 for base access
[    0.312000] ACPI: Added _OSI(Module Device)
[    0.312000] ACPI: Added _OSI(Processor Device)
[    0.316000] ACPI: Added _OSI(3.0 _SCP Extensions)
[    0.316000] ACPI: Added _OSI(Processor Aggregator Device)
[    0.320000] ACPI: Executed 1 blocks of module-level executable AML code
[    0.332000] ACPI: Interpreter enabled
[    0.332000] ACPI: (supports S0 S5)
[    0.332000] ACPI: Using IOAPIC for interrupt routing
[    0.336000] PCI: Using host bridge windows from ACPI; if necessary, use "pci=nocrs" and report a bug
[    0.344000] ACPI: PCI Root Bridge [PCI0] (domain 0000 [bus 00-ff])
[    0.348000] acpi PNP0A03:00: _OSC: OS supports [Segments MSI]
[    0.352000] acpi PNP0A03:00: PCIe port services disabled; not requesting _OSC control
[    0.352000] acpi PNP0A03:00: fail to add MMCONFIG information, can't access extended PCI configuration space under this bridge.
[    0.356000] PCI host bridge to bus 0000:00
[    0.356000] pci_bus 0000:00: root bus resource [io  0x0000-0x0cf7 window]
[    0.360000] pci_bus 0000:00: root bus resource [io  0x0d00-0xffff window]
[    0.360000] pci_bus 0000:00: root bus resource [mem 0x000a0000-0x000bffff window]
[    0.364000] pci_bus 0000:00: root bus resource [mem 0x80000000-0xfdffffff window]
[    0.368000] pci_bus 0000:00: root bus resource [bus 00-ff]
[    0.372000] pci 0000:00:00.0: [8086:1237] type 00 class 0x060000
[    0.372000] pci 0000:00:01.0: [8086:7000] type 00 class 0x060100
[    0.376000] pci 0000:00:01.1: [8086:7111] type 00 class 0x01018a
[    0.376000] pci 0000:00:01.1: reg 0x20: [io  0xd000-0xd00f]
[    0.376000] pci 0000:00:01.1: legacy IDE quirk: reg 0x10: [io  0x01f0-0x01f7]
[    0.380000] pci 0000:00:01.1: legacy IDE quirk: reg 0x14: [io  0x03f6]
[    0.380000] pci 0000:00:01.1: legacy IDE quirk: reg 0x18: [io  0x0170-0x0177]
[    0.388000] pci 0000:00:01.1: legacy IDE quirk: reg 0x1c: [io  0x0376]
[    0.388000] pci 0000:00:02.0: [15ad:0405] type 00 class 0x030000
[    0.392000] pci 0000:00:02.0: reg 0x10: [io  0xd010-0xd01f]
[    0.392000] pci 0000:00:02.0: reg 0x14: [mem 0xe0000000-0xe0ffffff pref]
[    0.392000] pci 0000:00:02.0: reg 0x18: [mem 0xf0000000-0xf01fffff]
[    0.400000] pci 0000:00:03.0: [8086:100e] type 00 class 0x020000
[    0.400000] pci 0000:00:03.0: reg 0x10: [mem 0xf0200000-0xf021ffff]
[    0.400000] pci 0000:00:03.0: reg 0x18: [io  0xd020-0xd027]
[    0.400000] pci 0000:00:04.0: [80ee:cafe] type 00 class 0x088000
[    0.400000] pci 0000:00:04.0: reg 0x10: [io  0xd040-0xd05f]
[    0.404000] pci 0000:00:04.0: reg 0x14: [mem 0xf0400000-0xf07fffff]
[    0.404000] pci 0000:00:04.0: reg 0x18: [mem 0xf0800000-0xf0803fff pref]
[    0.408000] pci 0000:00:05.0: [8086:2415] type 00 class 0x040100
[    0.408000] pci 0000:00:05.0: reg 0x10: [io  0xd100-0xd1ff]
[    0.408000] pci 0000:00:05.0: reg 0x14: [io  0xd200-0xd23f]
[    0.408000] pci 0000:00:06.0: [106b:003f] type 00 class 0x0c0310
[    0.408000] pci 0000:00:06.0: reg 0x10: [mem 0xf0804000-0xf0804fff]
[    0.412000] pci 0000:00:07.0: [8086:7113] type 00 class 0x068000
[    0.412000] pci 0000:00:07.0: quirk: [io  0x4000-0x403f] claimed by PIIX4 ACPI
[    0.416000] pci 0000:00:07.0: quirk: [io  0x4100-0x410f] claimed by PIIX4 SMB
[    0.420000] pci 0000:00:0d.0: [8086:2829] type 00 class 0x010601
[    0.420000] pci 0000:00:0d.0: reg 0x10: [io  0xd240-0xd247]
[    0.420000] pci 0000:00:0d.0: reg 0x14: [io  0xd248-0xd24b]
[    0.420000] pci 0000:00:0d.0: reg 0x18: [io  0xd250-0xd257]
[    0.420000] pci 0000:00:0d.0: reg 0x1c: [io  0xd258-0xd25b]
[    0.420000] pci 0000:00:0d.0: reg 0x20: [io  0xd260-0xd26f]
[    0.420000] pci 0000:00:0d.0: reg 0x24: [mem 0xf0806000-0xf0807fff]
[    0.424000] pci_bus 0000:00: on NUMA node 0
[    0.424000] ACPI: PCI Interrupt Link [LNKA] (IRQs 5 9 10 *11)
[    0.432000] ACPI: PCI Interrupt Link [LNKB] (IRQs 5 9 *10 11)
[    0.432000] ACPI: PCI Interrupt Link [LNKC] (IRQs 5 *9 10 11)
[    0.436000] ACPI: PCI Interrupt Link [LNKD] (IRQs 5 9 10 *11)
[    0.440000] ACPI: Enabled 2 GPEs in block 00 to 07
[    0.444000] vgaarb: setting as boot device: PCI:0000:00:02.0
[    0.444000] vgaarb: device added: PCI:0000:00:02.0,decodes=io+mem,owns=io+mem,locks=none
[    0.448000] vgaarb: loaded
[    0.448000] vgaarb: bridge control possible 0000:00:02.0
[    0.452000] SCSI subsystem initialized
[    0.456000] libata version 3.00 loaded.
[    0.456000] ACPI: bus type USB registered
[    0.460000] usbcore: registered new interface driver usbfs
[    0.460000] usbcore: registered new interface driver hub
[    0.464000] usbcore: registered new device driver usb
[    0.464000] PCI: Using ACPI for IRQ routing
[    0.468000] PCI: pci_cache_line_size set to 64 bytes
[    0.468000] e820: reserve RAM buffer [mem 0x0009fc00-0x0009ffff]
[    0.468000] e820: reserve RAM buffer [mem 0x7fff0000-0x7fffffff]
[    0.472000] clocksource: Switched to clocksource refined-jiffies
[    0.472000] pnp: PnP ACPI init
[    0.476000] pnp 00:00: Plug and Play ACPI device, IDs PNP0303 (active)
[    0.476000] pnp 00:01: Plug and Play ACPI device, IDs PNP0f03 (active)
[    0.476000] pnp: PnP ACPI: found 2 devices
[    0.516002] clocksource: acpi_pm: mask: 0xffffff max_cycles: 0xffffff, max_idle_ns: 2085701024 ns
[    0.537098] clocksource: Switched to clocksource acpi_pm
[    0.581376] hrtimer: interrupt took 43880716 ns
[    0.662907] pci_bus 0000:00: resource 4 [io  0x0000-0x0cf7 window]
[    0.662907] pci_bus 0000:00: resource 5 [io  0x0d00-0xffff window]
[    0.662907] pci_bus 0000:00: resource 6 [mem 0x000a0000-0x000bffff window]
[    0.662907] pci_bus 0000:00: resource 7 [mem 0x80000000-0xfdffffff window]
[    0.664437] NET: Registered protocol family 2
[    0.669858] TCP established hash table entries: 16384 (order: 5, 131072 bytes)
[    0.670874] TCP bind hash table entries: 16384 (order: 6, 262144 bytes)
[    0.678194] TCP: Hash tables configured (established 16384 bind 16384)
[    0.681318] UDP hash table entries: 1024 (order: 3, 32768 bytes)
[    0.681318] UDP-Lite hash table entries: 1024 (order: 3, 32768 bytes)
[    0.693009] NET: Registered protocol family 1
[    0.696746] pci 0000:00:00.0: Limiting direct PCI/PCI transfers
[    0.696746] pci 0000:00:01.0: Activating ISA DMA hang workarounds
[    0.696746] pci 0000:00:02.0: Video device with shadowed ROM
[    0.696746] PCI: CLS 0 bytes, default 64
[    0.696746] Unpacking initramfs...
[    1.064777] Freeing initrd memory: 17044K (ffff880035ea6000 - ffff880036f4b000)
[    1.064777] platform rtc_cmos: registered platform RTC device (no PNP device found)
[    1.101484] futex hash table entries: 2048 (order: 5, 131072 bytes)
[    1.109063] audit: initializing netlink subsys (disabled)
[    1.109063] audit: type=2000 audit(1666996241.107:1): initialized
[    1.109063] Initialise system trusted keyring
[    1.132259] zbud: loaded
[    1.180083] Key type asymmetric registered
[    1.180083] Asymmetric key parser 'x509' registered
[    1.184182] Block layer SCSI generic (bsg) driver version 0.4 loaded (major 251)
[    1.191197] io scheduler noop registered
[    1.193795] io scheduler deadline registered (default)
[    1.197825] io scheduler cfq registered
[    1.197825] ACPI: AC Adapter [AC] (on-line)
[    1.197825] input: Power Button as /devices/LNXSYSTM:00/LNXPWRBN:00/input/input0
[    1.197825] ACPI: Power Button [PWRF]
[    1.197825] input: Sleep Button as /devices/LNXSYSTM:00/LNXSLPBN:00/input/input1
[    1.197825] ACPI: Sleep Button [SLPF]
[    1.224306] GHES: HEST is not enabled!
[    1.224306] ACPI: Battery Slot [BAT0] (battery present)
[    1.232962] Serial: 8250/16550 driver, 32 ports, IRQ sharing enabled
[    1.264044] Linux agpgart interface v0.103
[    1.304052] loop: module loaded
[    1.304052] ahci 0000:00:0d.0: version 3.0
[    1.304052] ahci 0000:00:0d.0: SSS flag set, parallel bus scan disabled
[    1.304052] ahci 0000:00:0d.0: AHCI 0001.0100 32 slots 1 ports 3 Gbps 0x1 impl SATA mode
[    1.304052] ahci 0000:00:0d.0: flags: 64bit ncq stag only ccc 
[    1.325929] scsi host0: ahci
[    1.325929] ata1: SATA max UDMA/133 abar m8192@0xf0806000 port 0xf0806100 irq 21
[    1.325929] libphy: Fixed MDIO Bus: probed
[    1.334968] tun: Universal TUN/TAP device driver, 1.6
[    1.334968] tun: (C) 1999-2004 Max Krasnyansky <maxk@qualcomm.com>
[    1.343160] PPP generic driver version 2.4.2
[    1.345967] ehci_hcd: USB 2.0 'Enhanced' Host Controller (EHCI) Driver
[    1.345967] ehci-pci: EHCI PCI platform driver
[    1.345967] ehci-platform: EHCI generic platform driver
[    1.345967] ohci_hcd: USB 1.1 'Open' Host Controller (OHCI) Driver
[    1.345967] ohci-pci: OHCI PCI platform driver
[    1.345967] ohci-pci 0000:00:06.0: OHCI PCI host controller
[    1.345967] ohci-pci 0000:00:06.0: new USB bus registered, assigned bus number 1
[    1.345967] ohci-pci 0000:00:06.0: irq 22, io mem 0xf0804000
[    1.406072] usb usb1: New USB device found, idVendor=1d6b, idProduct=0001
[    1.406072] usb usb1: New USB device strings: Mfr=3, Product=2, SerialNumber=1
[    1.406072] usb usb1: Product: OHCI PCI host controller
[    1.406072] usb usb1: Manufacturer: Linux 4.4.0 ohci_hcd
[    1.406072] usb usb1: SerialNumber: 0000:00:06.0
[    1.426111] hub 1-0:1.0: USB hub found
[    1.426111] hub 1-0:1.0: 12 ports detected
[    1.426111] ohci-platform: OHCI generic platform driver
[    1.426111] uhci_hcd: USB Universal Host Controller Interface driver
[    1.426111] i8042: PNP: PS/2 Controller [PNP0303:PS2K,PNP0f03:PS2M] at 0x60,0x64 irq 1,12
[    1.452382] serio: i8042 KBD port at 0x60,0x64 irq 1
[    1.452382] serio: i8042 AUX port at 0x60,0x64 irq 12
[    1.464294] mousedev: PS/2 mouse device common for all mice
[    1.468351] rtc_cmos rtc_cmos: rtc core: registered rtc_cmos as rtc0
[    1.473845] rtc_cmos rtc_cmos: alarms up to one day, 114 bytes nvram
[    1.478738] input: AT Translated Set 2 keyboard as /devices/platform/i8042/serio0/input/input2
[    1.478738] i2c /dev entries driver
[    1.489301] NET: Registered protocol family 17
[    1.492501] Key type dns_resolver registered
[    1.496646] microcode: CPU0 sig=0x906e9, pf=0x2, revision=0xffffffff
[    1.504078] microcode: CPU1 sig=0x906e9, pf=0x2, revision=0xffffffff
[    1.500235] microcode: CPU2 sig=0x906e9, pf=0x2, revision=0xffffffff
[    1.511154] microcode: CPU3 sig=0x906e9, pf=0x2, revision=0xffffffff
[    1.518097] microcode: CPU4 sig=0x906e9, pf=0x2, revision=0xffffffff
[    1.522168] microcode: CPU5 sig=0x906e9, pf=0x2, revision=0xffffffff
[    1.533488] microcode: Microcode Update Driver: v2.01 <tigran@aivazian.fsnet.co.uk>, Peter Oruba
[    1.544256] Loading compiled-in X.509 certificates
[    1.544256] Loaded X.509 cert 'Build time autogenerated kernel key: 372819dd2b948a4a11ccea7dc6a174dc25616154'
[    1.544256] zswap: loaded using pool lzo/zbud
[    1.564330] rtc_cmos rtc_cmos: setting system clock to 2022-10-28 22:30:42 UTC (1666996242)
[    1.653411] ata1: SATA link up 3.0 Gbps (SStatus 123 SControl 300)
[    1.661650] ata1.00: ATA-6: VBOX HARDDISK, 1.0, max UDMA/133
[    1.665565] ata1.00: 20971520 sectors, multi 128: LBA48 NCQ (depth 31/32)
[    1.675860] ata1.00: configured for UDMA/133
[    1.680813] scsi 0:0:0:0: Direct-Access     ATA      VBOX HARDDISK    1.0  PQ: 0 ANSI: 5
[    1.688906] sd 0:0:0:0: [sda] 20971520 512-byte logical blocks: (10.7 GB/10.0 GiB)
[    1.696989] sd 0:0:0:0: [sda] Write Protect is off
[    1.696989] sd 0:0:0:0: [sda] Mode Sense: 00 3a 00 00
[    1.696989] sd 0:0:0:0: [sda] Write cache: enabled, read cache: enabled, doesn't support DPO or FUA
[    1.706601] sd 0:0:0:0: Attached scsi generic sg0 type 0
[    1.814887]  sda: sda1 sda2 < sda5 >
[    1.821585] sd 0:0:0:0: [sda] Attached SCSI disk
[    1.822265] Freeing unused kernel memory: 812K (ffffffff8187e000 - ffffffff81949000)
[    1.832267] usb 1-1: new full-speed USB device number 2 using ohci-pci
[    1.880559] random: systemd-udevd urandom read with 16 bits of entropy available
[    2.016316] e1000: Intel(R) PRO/1000 Network Driver - version 7.3.21-k8-NAPI
[    2.025468] e1000: Copyright (c) 1999-2006 Intel Corporation.
[    2.036272] [drm] Initialized drm 1.1.0 20060810
[    2.152296] usb 1-1: New USB device found, idVendor=80ee, idProduct=0021
[    2.173974] usb 1-1: New USB device strings: Mfr=1, Product=3, SerialNumber=0
[    2.180694] usb 1-1: Product: USB Tablet
[    2.184694] usb 1-1: Manufacturer: VirtualBox
[    2.200261] hidraw: raw HID events driver (C) Jiri Kosina
[    2.233089] usbcore: registered new interface driver usbhid
[    2.235611] usbhid: USB HID core driver
[    2.252244] input: VirtualBox USB Tablet as /devices/pci0000:00/0000:00:06.0/usb1/1-1/1-1:1.0/0003:80EE:0021.0001/input/input5
[    2.256335] input: ImExPS/2 Generic Explorer Mouse as /devices/platform/i8042/serio1/input/input4
[    2.260380] hid-generic 0003:80EE:0021.0001: input,hidraw0: USB HID v1.10 Mouse [VirtualBox USB Tablet] on usb-0000:00:06.0-1/input0
[    2.873227] e1000 0000:00:03.0 eth0: (PCI:33MHz:32-bit) 08:00:27:8b:8b:23
[    2.875712] e1000 0000:00:03.0 eth0: Intel(R) PRO/1000 Network Connection
[    2.885249] e1000 0000:00:03.0 enp0s3: renamed from eth0
[    2.888864] [drm] DMA map mode: Using physical TTM page addresses.
[    2.888864] [drm] Capabilities:
[    2.888864] [drm]   Cursor.
[    2.888864] [drm]   Cursor bypass 2.
[    2.888864] [drm]   Alpha cursor.
[    2.888864] [drm]   3D.
[    2.888864] [drm]   Extended Fifo.
[    2.888864] [drm]   Pitchlock.
[    2.888864] [drm]   Irq mask.
[    2.888864] [drm]   GMR.
[    2.888864] [drm]   Traces.
[    2.888864] [drm]   GMR2.
[    2.888864] [drm]   Screen Object 2.
[    2.888864] [drm] Max GMR ids is 8192
[    2.888864] [drm] Max number of GMR pages is 1048576
[    2.888864] [drm] Max dedicated hypervisor surface memory is 507904 kiB
[    2.888864] [drm] Maximum display memory size is 16384 kiB
[    2.888864] [drm] VRAM at 0xe0000000 size is 16384 kiB
[    2.888864] [drm] MMIO at 0xf0000000 size is 2048 kiB
[    2.888864] [drm] global init.
[    2.913301] [TTM] Zone  kernel: Available graphics memory: 1025180 kiB
[    2.913301] [TTM] Initializing pool allocator
[    2.913301] [TTM] Initializing DMA pool allocator
[    2.913301] [drm] Supports vblank timestamp caching Rev 2 (21.10.2013).
[    2.913301] [drm] No driver support for vblank timestamp query.
[    2.913330] [drm] Screen Objects Display Unit initialized
[    2.913330] [drm] width 720
[    2.913330] [drm] height 400
[    2.913330] [drm] bpp 32
[    2.913330] [drm] Fifo max 0x00200000 min 0x00001000 cap 0x00000355
[    2.913330] [drm] DX: no.
[    2.987129] fbcon: svgadrmfb (fb0) is primary device
[    3.060382] Console: switching to colour frame buffer device 100x37
[    3.060382] [drm] Initialized vmwgfx 2.9.0 20150810 for 0000:00:02.0 on minor 0
[    3.636804] EXT4-fs (sda1): mounted filesystem with ordered data mode. Opts: (null)
[    6.572402] random: nonblocking pool is initialized
[    6.865474] systemd[1]: Failed to insert module 'autofs4': No such file or directory
[    7.084264] systemd[1]: systemd 229 running in system mode. (+PAM +AUDIT +SELINUX +IMA +APPARMOR +SMACK +SYSVINIT +UTMP +LIBCRYPTSETUP +GCRYPT +GNUTLS +ACL +XZ -LZ4 +SECCOMP +BLKID +ELFUTILS +KMOD -IDN)
[    7.084264] systemd[1]: Detected virtualization kvm.
[    7.084264] systemd[1]: Detected architecture x86-64.
[    7.171378] systemd[1]: Set hostname to <ubuntu>.
[   12.420327] systemd[1]: Reached target System Time Synchronized.
[   12.424838] systemd[1]: Listening on Journal Socket.
[   12.424838] systemd[1]: Created slice User and Session Slice.
[   12.424838] systemd[1]: Listening on Journal Audit Socket.
[   12.428323] systemd[1]: Reached target Remote File Systems (Pre).
[   12.428323] systemd[1]: Listening on udev Control Socket.
[   12.428323] systemd[1]: Reached target Encrypted Volumes.
[   12.432180] systemd[1]: Listening on Journal Socket (/dev/log).
[   12.432180] systemd[1]: Created slice System Slice.
[   12.444689] systemd[1]: Starting Nameserver information manager...
[   12.447492] systemd[1]: Starting Create list of required static device nodes for the current kernel...
[   12.489972] systemd[1]: Listening on fsck to fsckd communication Socket.
[   12.489972] systemd[1]: Reached target User and Group Name Lookups.
[   12.492914] systemd[1]: Listening on udev Kernel Socket.
[   12.493013] systemd[1]: Mounting Debug File System...
[   12.496288] systemd[1]: Started Trigger resolvconf update for networkd DNS.
[   12.496288] systemd[1]: Listening on /dev/initctl Compatibility Named Pipe.
[   12.496288] systemd[1]: Reached target Slices.
[   12.613937] systemd[1]: Starting Load Kernel Modules...
[   12.620216] systemd[1]: Starting Uncomplicated firewall...
[   12.620216] systemd[1]: Listening on Syslog Socket.
[   12.624271] systemd[1]: Mounting POSIX Message Queue File System...
[   12.624271] systemd[1]: Starting Set console keymap...
[   12.628221] systemd[1]: Starting Remount Root and Kernel File Systems...
[   12.628221] systemd[1]: Started Forward Password Requests to Wall Directory Watch.
[   12.628221] systemd[1]: Reached target Remote File Systems.
[   12.632211] systemd[1]: Starting Journal Service...
[   12.632320] systemd[1]: Started Create list of required static device nodes for the current kernel.
[   12.641744] systemd[1]: Starting Create Static Device Nodes in /dev...
[   12.730896] systemd[1]: Started Load Kernel Modules.
[   12.756432] systemd[1]: Starting Apply Kernel Variables...
[   12.756432] systemd[1]: Started Uncomplicated firewall.
[   12.820290] systemd[1]: Mounted POSIX Message Queue File System.
[   12.820290] systemd[1]: Mounted Debug File System.
[   12.874682] EXT4-fs (sda1): re-mounted. Opts: errors=remount-ro
[   12.880520] systemd[1]: Started Remount Root and Kernel File Systems.
[   12.925162] systemd[1]: Starting udev Coldplug all Devices...
[   12.927915] systemd[1]: Starting Load/Save Random Seed...
[   13.012765] systemd[1]: Started Nameserver information manager.
[   13.012765] systemd[1]: Reached target Network (Pre).
[   13.062733] systemd[1]: Started Apply Kernel Variables.
[   13.200367] systemd[1]: Started udev Coldplug all Devices.
[   13.253879] systemd[1]: Started Load/Save Random Seed.
[   13.336198] systemd[1]: Started Journal Service.
[   13.551273] systemd-journald[208]: Received request to flush runtime journal from PID 1
[   15.905087] piix4_smbus 0000:00:07.0: SMBus Host Controller at 0x4100, revision 0
[   15.952687] ACPI: Video Device [GFX0] (multi-head: yes  rom: no  post: no)
[   15.952687] input: Video Bus as /devices/LNXSYSTM:00/LNXSYBUS:00/PNP0A03:00/LNXVIDEO:00/input/input6
[   16.112186] vboxguest: module verification failed: signature and/or required key missing - tainting kernel
[   16.112186] vgdrvHeartbeatInit: Setting up heartbeat to trigger every 2000 milliseconds
[   16.114250] input: Unspecified device as /devices/pci0000:00/0000:00:04.0/input/input7
[   16.119740] vboxguest: Successfully loaded version 6.1.36 r152435
[   16.119740] vboxguest: misc device minor 56, IRQ 20, I/O port d040, MMIO at 00000000f0400000 (size 0x400000)
[   16.119740] vboxguest: Successfully loaded version 6.1.36 r152435 (interface 0x00010004)
[   16.504288] Adding 998396k swap on /dev/sda5.  Priority:-1 extents:1 across:998396k FS
[   17.716775] e1000: enp0s3 NIC Link is Up 1000 Mbps Full Duplex, Flow Control: RX
[   22.792528] vboxvideo: loading version 6.1.36 r152435
[   23.044240] 22:31:03.981093 main     VBoxService 6.1.36 r152435 (verbosity: 0) linux.amd64 (Jul 19 2022 23:10:49) release log
               22:31:03.981117 main     Log opened 2022-10-28T22:31:03.980896000Z
[   23.044240] 22:31:03.981314 main     OS Product: Linux
[   23.044240] 22:31:03.981410 main     OS Release: 4.4.0
[   23.044240] 22:31:03.981530 main     OS Version: #53 SMP Fri Oct 28 17:20:51 CDT 2022
[   23.044240] 22:31:03.981602 main     Executable: /opt/VBoxGuestAdditions-6.1.36/sbin/VBoxService
               22:31:03.981623 main     Process ID: 688
               22:31:03.981644 main     Package type: LINUX_64BITS_GENERIC
[   23.050012] 22:31:03.988972 main     6.1.36 r152435 started. Verbose level = 0
[   23.060467] 22:31:03.997774 main     vbglR3GuestCtrlDetectPeekGetCancelSupport: Supported (#1)
[   23.226170] vboxsf: g_fHostFeatures=0x8000000f g_fSfFeatures=0x1 g_uSfLastFunction=29
[   23.227102] vboxsf: Successfully loaded version 6.1.36 r152435
[   23.227102] vboxsf: Successfully loaded version 6.1.36 r152435 on 4.4.0 SMP mod_unload modversions  (LINUX_VERSION_CODE=0x40400)
[   23.232166] 22:31:04.171465 automount vbsvcAutomounterMountIt: Successfully mounted 'shared' on '/mnt/shared'
[   58.096901] THREADLOCAL Detected
[   58.096901] start iterating tlp_list : ffff88007c8aa928
[   58.096901] pos is null
[   58.096901] iterated tlp_list successfully, found: 0
[   58.096901] mypage not allocated yet
[   58.096901] added current->pid = 766 to tlp
[   58.096901] added tlp->node to the tlp_list
[   58.096901] tasklet scheduled
[   58.096901] tasklet done, invalidated page_table
[   58.096901] swap_dup: Bad swap file entry 244000000000ca70
[   58.096901] swap_dup: Bad swap file entry 244000000000ca71
[   58.096901] swap_dup: Bad swap file entry 244000000000ca72
[   58.096901] swap_dup: Bad swap file entry 244000000000ca73
[   58.096901] swap_dup: Bad swap file entry 244000000000ca74
[   58.096901] swap_dup: Bad swap file entry 244000000000ca75
[   58.096901] swap_dup: Bad swap file entry 244000000000ca76
[   58.099676] swap_dup: Bad swap file entry 244000000000ca77
[   58.099676] swap_dup: Bad swap file entry 244000000000ca71
[   58.099676] test invoked oom-killer: gfp_mask=0x0, order=0, oom_score_adj=0
[   58.099676] test cpuset=/ mems_allowed=0
[   58.099676] CPU: 2 PID: 766 Comm: test Tainted: G           OE   4.4.0 #53
[   58.099676] Hardware name: innotek GmbH VirtualBox/VirtualBox, BIOS VirtualBox 12/01/2006
[   58.099676]  0000000000000000 000000006f501f81 ffff88007a10fd70 ffffffff8125e96f
[   58.099676]  ffff88007a6d5540 ffff88007a10fdd8 ffffffff81147d63 ffff88007a10fda0
[   58.099676]  244000000000ca71 2400000000000000 004000000000ca77 ffff88007a10fda0
[   58.099676] Call Trace:
[   58.099676]  [<ffffffff8125e96f>] dump_stack+0x44/0x55
[   58.099676]  [<ffffffff81147d63>] dump_header.isra.5+0x4f/0x1a8
[   58.099676]  [<ffffffff810f34eb>] oom_kill_process+0x2eb/0x3e0
[   58.099676]  [<ffffffff810f2e81>] ? find_lock_task_mm+0x31/0x70
[   58.099676]  [<ffffffff810f3822>] out_of_memory+0x1e2/0x2f0
[   58.099676]  [<ffffffff810f399d>] pagefault_out_of_memory+0x6d/0xb0
[   58.099676]  [<ffffffff81044418>] mm_fault_error+0x78/0x190
[   58.099676]  [<ffffffff810448e9>] __do_page_fault+0x3b9/0x3c0
[   58.099676]  [<ffffffff8153af70>] ? schedule+0x30/0x80
[   58.099676]  [<ffffffff810448fc>] do_page_fault+0xc/0x10
[   58.099676]  [<ffffffff8153f9e2>] page_fault+0x22/0x30
[   58.099676] Mem-Info:
[   58.099676] active_anon:2867 inactive_anon:677 isolated_anon:0
                active_file:9557 inactive_file:14875 isolated_file:0
                unevictable:0 dirty:3 writeback:0 unstable:0
                slab_reclaimable:1653 slab_unreclaimable:2566
                mapped:3669 shmem:778 pagetables:372 bounce:0
                free:473117 free_pcp:765 free_cma:0
[   58.099676] DMA free:13172kB min:40kB low:48kB high:60kB active_anon:256kB inactive_anon:56kB active_file:648kB inactive_file:1032kB unevictable:0kB isolated(anon):0kB isolated(file):0kB present:15992kB managed:15908kB mlocked:0kB dirty:0kB writeback:0kB mapped:268kB shmem:76kB slab_reclaimable:136kB slab_unreclaimable:116kB kernel_stack:16kB pagetables:28kB unstable:0kB bounce:0kB free_pcp:0kB local_pcp:0kB free_cma:0kB writeback_tmp:0kB pages_scanned:0 all_unreclaimable? no
[   58.099676] lowmem_reserve[]: 0 1985 1985 1985
[   58.099676] DMA32 free:1879296kB min:5488kB low:6860kB high:8232kB active_anon:11212kB inactive_anon:2652kB active_file:37580kB inactive_file:58468kB unevictable:0kB isolated(anon):0kB isolated(file):0kB present:2080704kB managed:2034452kB mlocked:0kB dirty:12kB writeback:0kB mapped:14408kB shmem:3036kB slab_reclaimable:6476kB slab_unreclaimable:10148kB kernel_stack:1984kB pagetables:1460kB unstable:0kB bounce:0kB free_pcp:3060kB local_pcp:616kB free_cma:0kB writeback_tmp:0kB pages_scanned:0 all_unreclaimable? no
[   58.099676] lowmem_reserve[]: 0 0 0 0
[   58.099676] DMA: 3*4kB (UM) 3*8kB (ME) 3*16kB (UME) 3*32kB (UME) 3*64kB (UE) 2*128kB (U) 1*256kB (E) 2*512kB (UE) 1*1024kB (E) 3*2048kB (UME) 1*4096kB (M) = 13172kB
[   58.099676] DMA32: 96*4kB (UME) 112*8kB (UME) 37*16kB (UM) 17*32kB (UME) 10*64kB (UM) 10*128kB (UM) 6*256kB (UME) 9*512kB (UM) 5*1024kB (UE) 2*2048kB (U) 454*4096kB (UM) = 1879280kB
[   58.099676] 25214 total pagecache pages
[   58.099676] 0 pages in swap cache
[   58.099676] Swap cache stats: add 0, delete 0, find 0/1
[   58.099676] Free swap  = 998396kB
[   58.099676] Total swap = 998396kB
[   58.099676] 524174 pages RAM
[   58.099676] 0 pages HighMem/MovableOnly
[   58.099676] 11584 pages reserved
[   58.099676] 0 pages cma reserved
[   58.099676] 0 pages hwpoisoned
[   58.099676] [ pid ]   uid  tgid total_vm      rss nr_ptes nr_pmds swapents oom_score_adj name
[   58.099676] [  208]     0   208     7411      763      18       3        0             0 systemd-journal
[   58.099676] [  254]     0   254    10546      962      23       4        0         -1000 systemd-udevd
[   58.099676] [  461]   104   461    64099      823      27       3        0             0 rsyslogd
[   58.099676] [  463]   106   463    10723      964      25       3        0          -900 dbus-daemon
[   58.099676] [  546]     0   546     4031      213      11       3        0             0 dhclient
[   58.099676] [  560]     0   560    68942     1567      38       3        0             0 accounts-daemon
[   58.099676] [  562]     0   562     7137      781      18       3        0             0 systemd-logind
[   58.099676] [  574]     0   574     7252      777      19       3        0             0 cron
[   58.099676] [  597]     0   597     1126      442       8       3        0             0 ondemand
[   58.099676] [  604]     0   604     1822      165       9       3        0             0 sleep
[   58.099676] [  614]     0   614    16458      870      38       3        0             0 login
[   58.099676] [  620]     0   620     4868       56      14       3        0             0 irqbalance
[   58.099676] [  692]     0   692    80358      800      31       3        0             0 VBoxService
[   58.099676] [  733]     0   733     9174     1127      22       3        0             0 systemd
[   58.099676] [  736]     0   736    15272      447      32       3        0             0 (sd-pam)
[   58.099676] [  741]     0   741     5656     1336      16       3        0             0 bash
[   58.099676] [  765]     0   765     3681      179       9       3        0             0 test
[   58.099676] Out of memory: Kill process 560 (accounts-daemon) score 2 or sacrifice child
[   58.099676] Killed process 560 (accounts-daemon) total-vm:275768kB, anon-rss:688kB, file-rss:5580kB
[   58.100371] swap_dup: Bad swap file entry 244000000000ca70
[   58.100371] swap_dup: Bad swap file entry 244000000000ca71
[   58.100371] swap_dup: Bad swap file entry 244000000000ca72
[   58.100371] swap_dup: Bad swap file entry 244000000000ca73
[   58.100371] swap_dup: Bad swap file entry 244000000000ca71
[   58.100371] test invoked oom-killer: gfp_mask=0x0, order=0, oom_score_adj=0
[   58.100371] test cpuset=/ mems_allowed=0
[   58.100371] CPU: 2 PID: 766 Comm: test Tainted: G           OE   4.4.0 #53
[   58.100371] Hardware name: innotek GmbH VirtualBox/VirtualBox, BIOS VirtualBox 12/01/2006
[   58.100371]  0000000000000000 000000006f501f81 ffff88007a10fd70 ffffffff8125e96f
[   58.100371]  ffff88007ca8aac0 ffff88007a10fdd8 ffffffff81147d63 ffff88007a10fda0
[   58.100371]  244000000000ca71 2400000000000000 004000000000ca73 ffff88007a10fda0
[   58.100371] Call Trace:
[   58.100371]  [<ffffffff8125e96f>] dump_stack+0x44/0x55
[   58.100371]  [<ffffffff81147d63>] dump_header.isra.5+0x4f/0x1a8
[   58.100371]  [<ffffffff810f34eb>] oom_kill_process+0x2eb/0x3e0
[   58.100371]  [<ffffffff810f2e81>] ? find_lock_task_mm+0x31/0x70
[   58.100371]  [<ffffffff810f3822>] out_of_memory+0x1e2/0x2f0
[   58.100371]  [<ffffffff810f399d>] pagefault_out_of_memory+0x6d/0xb0
[   58.100371]  [<ffffffff81044418>] mm_fault_error+0x78/0x190
[   58.100371]  [<ffffffff810448e9>] __do_page_fault+0x3b9/0x3c0
[   58.100371]  [<ffffffff8153af70>] ? schedule+0x30/0x80
[   58.100371]  [<ffffffff810448fc>] do_page_fault+0xc/0x10
[   58.100371]  [<ffffffff8153f9e2>] page_fault+0x22/0x30
[   58.100371] Mem-Info:
[   58.100371] active_anon:2743 inactive_anon:677 isolated_anon:0
                active_file:9650 inactive_file:14782 isolated_file:0
                unevictable:0 dirty:3 writeback:0 unstable:0
                slab_reclaimable:1653 slab_unreclaimable:2566
                mapped:3061 shmem:778 pagetables:326 bounce:0
                free:473279 free_pcp:784 free_cma:0
[   58.100371] DMA free:13200kB min:40kB low:48kB high:60kB active_anon:256kB inactive_anon:56kB active_file:648kB inactive_file:1032kB unevictable:0kB isolated(anon):0kB isolated(file):0kB present:15992kB managed:15908kB mlocked:0kB dirty:0kB writeback:0kB mapped:228kB shmem:76kB slab_reclaimable:136kB slab_unreclaimable:116kB kernel_stack:16kB pagetables:28kB unstable:0kB bounce:0kB free_pcp:0kB local_pcp:0kB free_cma:0kB writeback_tmp:0kB pages_scanned:0 all_unreclaimable? no
[   58.100371] lowmem_reserve[]: 0 1985 1985 1985
[   58.100371] DMA32 free:1879916kB min:5488kB low:6860kB high:8232kB active_anon:10716kB inactive_anon:2652kB active_file:37952kB inactive_file:58096kB unevictable:0kB isolated(anon):0kB isolated(file):0kB present:2080704kB managed:2034452kB mlocked:0kB dirty:12kB writeback:0kB mapped:12016kB shmem:3036kB slab_reclaimable:6476kB slab_unreclaimable:10148kB kernel_stack:1984kB pagetables:1276kB unstable:0kB bounce:0kB free_pcp:3136kB local_pcp:616kB free_cma:0kB writeback_tmp:0kB pages_scanned:0 all_unreclaimable? no
[   58.100371] lowmem_reserve[]: 0 0 0 0
[   58.100371] DMA: 5*4kB (UM) 4*8kB (ME) 4*16kB (UME) 3*32kB (UME) 3*64kB (UE) 2*128kB (U) 1*256kB (E) 2*512kB (UE) 1*1024kB (E) 3*2048kB (UME) 1*4096kB (M) = 13204kB
[   58.100371] DMA32: 163*4kB (UME) 112*8kB (UME) 42*16kB (UME) 19*32kB (UME) 11*64kB (UME) 11*128kB (UM) 6*256kB (UME) 9*512kB (UM) 5*1024kB (UE) 2*2048kB (U) 454*4096kB (UM) = 1879884kB
[   58.100371] 25214 total pagecache pages
[   58.100371] 0 pages in swap cache
[   58.100371] Swap cache stats: add 0, delete 0, find 0/2
[   58.100371] Free swap  = 998396kB
[   58.100371] Total swap = 998396kB
[   58.100371] 524174 pages RAM
[   58.100371] 0 pages HighMem/MovableOnly
[   58.100371] 11584 pages reserved
[   58.100371] 0 pages cma reserved
[   58.100371] 0 pages hwpoisoned
[   58.100371] [ pid ]   uid  tgid total_vm      rss nr_ptes nr_pmds swapents oom_score_adj name
[   58.100371] [  208]     0   208     7411      763      18       3        0             0 systemd-journal
[   58.100371] [  254]     0   254    10546      962      23       4        0         -1000 systemd-udevd
[   58.100371] [  461]   104   461    64099      823      27       3        0             0 rsyslogd
[   58.100371] [  463]   106   463    10723      964      25       3        0          -900 dbus-daemon
[   58.100371] [  546]     0   546     4031      213      11       3        0             0 dhclient
[   58.100371] [  562]     0   562     7137      781      18       3        0             0 systemd-logind
[   58.100371] [  574]     0   574     7252      777      19       3        0             0 cron
[   58.100371] [  597]     0   597     1126      442       8       3        0             0 ondemand
[   58.100371] [  604]     0   604     1822      165       9       3        0             0 sleep
[   58.100371] [  614]     0   614    16458      870      38       3        0             0 login
[   58.100371] [  620]     0   620     4868       56      14       3        0             0 irqbalance
[   58.100371] [  692]     0   692    80358      800      31       3        0             0 VBoxService
[   58.100371] [  733]     0   733     9174     1127      22       3        0             0 systemd
[   58.100371] [  736]     0   736    15272      447      32       3        0             0 (sd-pam)
[   58.100371] [  741]     0   741     5656     1336      16       3        0             0 bash
[   58.100371] [  765]     0   765     3681      179       9       3        0             0 test
[   58.100371] [  767]     0   767     2122      228       8       3        0             0 systemd-cgroups
[   58.100371] Out of memory: Kill process 741 (bash) score 1 or sacrifice child
[   58.100420] Killed process 765 (test) total-vm:14724kB, anon-rss:80kB, file-rss:636kB
[   58.104266] swap_free: Bad swap file entry 244000000000ca71
[   58.104673] BUG: Bad page map in process test  pte:800000000194e224 pmd:7a12b067
[   58.104673] addr:00007fab897e1000 vm_flags:08900073 anon_vma:          (null) mapping:          (null) index:7fab897e1
[   58.104673] file:          (null) fault:          (null) mmap:          (null) readpage:          (null)
[   58.104673] CPU: 4 PID: 765 Comm: test Tainted: G           OE   4.4.0 #53
[   58.104673] Hardware name: innotek GmbH VirtualBox/VirtualBox, BIOS VirtualBox 12/01/2006
[   58.104673]  0000000000000000 00000000cf7fbca1 ffff880035e63ab0 ffffffff8125e96f
[   58.104673]  00007fab897e1000 ffff880035e63b00 ffffffff8111485f ffff880035e63ad8
[   58.104673]  ffffffff811296c7 244000000000ca71 00007fab897e1000 800000000194e224
[   58.104673] Call Trace:
[   58.104673]  [<ffffffff8125e96f>] dump_stack+0x44/0x55
[   58.104673]  [<ffffffff8111485f>] print_bad_pte+0x19f/0x230
[   58.104673]  [<ffffffff811296c7>] ? swap_info_get+0x77/0xd0
[   58.104673]  [<ffffffff811162e9>] unmap_single_vma+0x439/0x740
[   58.104673]  [<ffffffff81116e52>] unmap_vmas+0x32/0x50
[   58.104673]  [<ffffffff8111f7b6>] exit_mmap+0xc6/0x140
[   58.104673]  [<ffffffff8104e8fa>] mmput+0x4a/0x120
[   58.104673]  [<ffffffff81053744>] do_exit+0x264/0xa80
[   58.104673]  [<ffffffff81077377>] ? sched_clock_local+0x17/0x80
[   58.104673]  [<ffffffff81053fd6>] do_group_exit+0x36/0xa0
[   58.104673]  [<ffffffff8105daf2>] get_signal+0x1c2/0x520
[   58.104673]  [<ffffffff81004112>] do_signal+0x32/0x5c0
[   58.104673]  [<ffffffff8107e818>] ? enqueue_task_fair+0x98/0x990
[   58.104673]  [<ffffffff81077377>] ? sched_clock_local+0x17/0x80
[   58.104673]  [<ffffffff81077546>] ? sched_clock_cpu+0x46/0xa0
[   58.104673]  [<ffffffff810331e8>] ? native_smp_send_reschedule+0x48/0x60
[   58.104673]  [<ffffffff810712c1>] ? resched_curr+0x51/0x70
[   58.104673]  [<ffffffff81071c7f>] ? check_preempt_curr+0x4f/0x90
[   58.104673]  [<ffffffff810734a6>] ? wake_up_new_task+0x106/0x150
[   58.104673]  [<ffffffff81002079>] exit_to_usermode_loop+0x79/0x90
[   58.104673]  [<ffffffff81002577>] syscall_return_slowpath+0x37/0x40
[   58.104673]  [<ffffffff8153e3e3>] int_ret_from_sys_call+0x25/0x8f
[   58.104673] Disabling lock debugging due to kernel taint
[   58.111140] BUG: Bad rss-counter state mm:ffff88007a15db00 idx:2 val:-1
[   67.556232] THREADLOCAL Detected
[   67.556232] start iterating tlp_list : ffff880035e4ef68
[   67.556232] pos is null
[   67.556232] iterated tlp_list successfully, found: 0
[   67.556232] mypage not allocated yet
[   67.556232] added current->pid = 769 to tlp
[   67.556232] added tlp->node to the tlp_list
[   67.556232] tasklet scheduled
[   67.556232] tasklet done, invalidated page_table
[   67.556232] swap_dup: Bad swap file entry 244000000000ca70
[   67.556232] swap_dup: Bad swap file entry 244000000000ca71
[   67.556232] swap_dup: Bad swap file entry 244000000000ca71
[   67.556232] test invoked oom-killer: gfp_mask=0x0, order=0, oom_score_adj=0
[   67.556232] test cpuset=/ mems_allowed=0
[   67.556232] CPU: 2 PID: 769 Comm: test Tainted: G    B      OE   4.4.0 #53
[   67.556232] Hardware name: innotek GmbH VirtualBox/VirtualBox, BIOS VirtualBox 12/01/2006
[   67.556232]  0000000000000000 000000006fe368e0 ffff880035e63d70 ffffffff8125e96f
[   67.556232]  ffff8800369d1540 ffff880035e63dd8 ffffffff81147d63 ffff880035e63da0
[   67.556232]  244000000000ca71 2400000000000000 004000000000ca71 ffff880035e63da0
[   67.556232] Call Trace:
[   67.556232]  [<ffffffff8125e96f>] dump_stack+0x44/0x55
[   67.556232]  [<ffffffff81147d63>] dump_header.isra.5+0x4f/0x1a8
[   67.556232]  [<ffffffff810f34eb>] oom_kill_process+0x2eb/0x3e0
[   67.556232]  [<ffffffff810f2e81>] ? find_lock_task_mm+0x31/0x70
[   67.556232]  [<ffffffff810f3822>] out_of_memory+0x1e2/0x2f0
[   67.556232]  [<ffffffff810f399d>] pagefault_out_of_memory+0x6d/0xb0
[   67.556232]  [<ffffffff81044418>] mm_fault_error+0x78/0x190
[   67.556232]  [<ffffffff810448e9>] __do_page_fault+0x3b9/0x3c0
[   67.556232]  [<ffffffff8153af70>] ? schedule+0x30/0x80
[   67.556232]  [<ffffffff810448fc>] do_page_fault+0xc/0x10
[   67.556232]  [<ffffffff8153f9e2>] page_fault+0x22/0x30
[   67.556232] Mem-Info:
[   67.556232] active_anon:3221 inactive_anon:676 isolated_anon:0
                active_file:9672 inactive_file:14760 isolated_file:0
                unevictable:0 dirty:0 writeback:0 unstable:0
                slab_reclaimable:1656 slab_unreclaimable:2528
                mapped:3080 shmem:777 pagetables:337 bounce:0
                free:472855 free_pcp:759 free_cma:0
[   67.556232] DMA free:13176kB min:40kB low:48kB high:60kB active_anon:264kB inactive_anon:56kB active_file:668kB inactive_file:1012kB unevictable:0kB isolated(anon):0kB isolated(file):0kB present:15992kB managed:15908kB mlocked:0kB dirty:0kB writeback:0kB mapped:228kB shmem:76kB slab_reclaimable:136kB slab_unreclaimable:112kB kernel_stack:16kB pagetables:20kB unstable:0kB bounce:0kB free_pcp:0kB local_pcp:0kB free_cma:0kB writeback_tmp:0kB pages_scanned:0 all_unreclaimable? no
[   67.556232] lowmem_reserve[]: 0 1985 1985 1985
[   67.556232] DMA32 free:1878244kB min:5488kB low:6860kB high:8232kB active_anon:12620kB inactive_anon:2648kB active_file:38020kB inactive_file:58028kB unevictable:0kB isolated(anon):0kB isolated(file):0kB present:2080704kB managed:2034452kB mlocked:0kB dirty:0kB writeback:0kB mapped:12092kB shmem:3032kB slab_reclaimable:6488kB slab_unreclaimable:10000kB kernel_stack:1936kB pagetables:1328kB unstable:0kB bounce:0kB free_pcp:3036kB local_pcp:704kB free_cma:0kB writeback_tmp:0kB pages_scanned:0 all_unreclaimable? no
[   67.556232] lowmem_reserve[]: 0 0 0 0
[   67.556232] DMA: 4*4kB (U) 1*8kB (E) 4*16kB (UME) 3*32kB (UME) 3*64kB (UE) 2*128kB (U) 1*256kB (E) 2*512kB (UE) 1*1024kB (E) 3*2048kB (UME) 1*4096kB (M) = 13176kB
[   67.556232] DMA32: 171*4kB (UME) 97*8kB (UME) 38*16kB (UME) 10*32kB (UME) 4*64kB (UE) 7*128kB (UME) 5*256kB (UM) 9*512kB (UM) 5*1024kB (UE) 2*2048kB (U) 454*4096kB (UM) = 1878228kB
[   67.556232] 25217 total pagecache pages
[   67.556232] 0 pages in swap cache
[   67.556232] Swap cache stats: add 0, delete 0, find 0/3
[   67.556232] Free swap  = 998396kB
[   67.556232] Total swap = 998396kB
[   67.556232] 524174 pages RAM
[   67.556232] 0 pages HighMem/MovableOnly
[   67.556232] 11584 pages reserved
[   67.556232] 0 pages cma reserved
[   67.556232] 0 pages hwpoisoned
[   67.556232] [ pid ]   uid  tgid total_vm      rss nr_ptes nr_pmds swapents oom_score_adj name
[   67.556232] [  208]     0   208     9559     1378      21       3        0             0 systemd-journal
[   67.556232] [  254]     0   254    10546      962      23       4        0         -1000 systemd-udevd
[   67.556232] [  461]   104   461    64099      823      27       3        0             0 rsyslogd
[   67.556232] [  463]   106   463    10723      964      25       3        0          -900 dbus-daemon
[   67.556232] [  546]     0   546     4031      213      11       3        0             0 dhclient
[   67.556232] [  562]     0   562     7137      781      18       3        0             0 systemd-logind
[   67.556232] [  574]     0   574     7252      777      19       3        0             0 cron
[   67.556232] [  597]     0   597     1126      442       8       3        0             0 ondemand
[   67.556232] [  604]     0   604     1822      165       9       3        0             0 sleep
[   67.556232] [  614]     0   614    16458      870      38       3        0             0 login
[   67.556232] [  620]     0   620     4868       56      14       3        0             0 irqbalance
[   67.556232] [  692]     0   692    80358      800      31       3        0             0 VBoxService
[   67.556232] [  733]     0   733     9174     1127      22       3        0             0 systemd
[   67.556232] [  736]     0   736    15272      447      32       3        0             0 (sd-pam)
[   67.556232] [  741]     0   741     5656     1336      16       3        0             0 bash
[   67.556232] [  768]     0   768     3681      215       9       3        0             0 test
[   67.556232] Out of memory: Kill process 208 (systemd-journal) score 1 or sacrifice child
[   67.556232] Killed process 208 (systemd-journal) total-vm:38236kB, anon-rss:2404kB, file-rss:3108kB
[   67.563885] swap_dup: Bad swap file entry 244000000000ca71
[   67.564527] test invoked oom-killer: gfp_mask=0x0, order=0, oom_score_adj=0
[   67.564527] test cpuset=/ mems_allowed=0
[   67.564527] CPU: 2 PID: 769 Comm: test Tainted: G    B      OE   4.4.0 #53
[   67.564527] Hardware name: innotek GmbH VirtualBox/VirtualBox, BIOS VirtualBox 12/01/2006
[   67.564527]  0000000000000000 000000006fe368e0 ffff880035e63d70 ffffffff8125e96f
[   67.564527]  ffff88007ca8aac0 ffff880035e63dd8 ffffffff81147d63 ffffffff812644e2
[   67.564527]  244000000000ca71 000000006fe368e0 ffff880035e63db8 ffffffff810effe9
[   67.564527] Call Trace:
[   67.564527]  [<ffffffff8125e96f>] dump_stack+0x44/0x55
[   67.564527]  [<ffffffff81147d63>] dump_header.isra.5+0x4f/0x1a8
[   67.567591] systemd[1]: systemd-journald.service: Failed with result 'signal'.
[   67.564527]  [<ffffffff812644e2>] ? radix_tree_lookup_slot+0x22/0x50
[   67.564527]  [<ffffffff810effe9>] ? find_get_entry+0x19/0x90
[   67.564527]  [<ffffffff810f34eb>] oom_kill_process+0x2eb/0x3e0
[   67.564527]  [<ffffffff810f2e81>] ? find_lock_task_mm+0x31/0x70
[   67.564527]  [<ffffffff810f3822>] out_of_memory+0x1e2/0x2f0
[   67.564527]  [<ffffffff810f399d>] pagefault_out_of_memory+0x6d/0xb0
[   67.564527]  [<ffffffff81044418>] mm_fault_error+0x78/0x190
[   67.564527]  [<ffffffff810448e9>] __do_page_fault+0x3b9/0x3c0
[   67.564527]  [<ffffffff8153af70>] ? schedule+0x30/0x80
[   67.564527]  [<ffffffff810448fc>] do_page_fault+0xc/0x10
[   67.564527]  [<ffffffff8153f9e2>] page_fault+0x22/0x30
[   67.564527] Mem-Info:
[   67.564527] active_anon:2656 inactive_anon:676 isolated_anon:0
                active_file:9672 inactive_file:14760 isolated_file:0
                unevictable:0 dirty:0 writeback:0 unstable:0
                slab_reclaimable:1656 slab_unreclaimable:2528
                mapped:2850 shmem:777 pagetables:337 bounce:0
                free:473327 free_pcp:858 free_cma:0
[   67.564527] DMA free:13204kB min:40kB low:48kB high:60kB active_anon:236kB inactive_anon:56kB active_file:668kB inactive_file:1012kB unevictable:0kB isolated(anon):0kB isolated(file):0kB present:15992kB managed:15908kB mlocked:0kB dirty:0kB writeback:0kB mapped:228kB shmem:76kB slab_reclaimable:136kB slab_unreclaimable:112kB kernel_stack:16kB pagetables:20kB unstable:0kB bounce:0kB free_pcp:0kB local_pcp:0kB free_cma:0kB writeback_tmp:0kB pages_scanned:0 all_unreclaimable? no
[   67.564527] lowmem_reserve[]: 0 1985 1985 1985
[   67.564527] DMA32 free:1880104kB min:5488kB low:6860kB high:8232kB active_anon:10388kB inactive_anon:2648kB active_file:38020kB inactive_file:58028kB unevictable:0kB isolated(anon):0kB isolated(file):0kB present:2080704kB managed:2034452kB mlocked:0kB dirty:0kB writeback:0kB mapped:11172kB shmem:3032kB slab_reclaimable:6488kB slab_unreclaimable:10000kB kernel_stack:1936kB pagetables:1328kB unstable:0kB bounce:0kB free_pcp:3420kB local_pcp:704kB free_cma:0kB writeback_tmp:0kB pages_scanned:0 all_unreclaimable? no
[   67.564527] lowmem_reserve[]: 0 0 0 0
[   67.564527] DMA: 6*4kB (UM) 4*8kB (ME) 4*16kB (UME) 3*32kB (UME) 3*64kB (UE) 2*128kB (U) 1*256kB (E) 2*512kB (UE) 1*1024kB (E) 3*2048kB (UME) 1*4096kB (M) = 13208kB
[   67.564527] DMA32: 313*4kB (UME) 122*8kB (UM) 47*16kB (UM) 21*32kB (UME) 9*64kB (UM) 8*128kB (UM) 6*256kB (UME) 9*512kB (UM) 5*1024kB (UE) 2*2048kB (U) 454*4096kB (UM) = 1880196kB
[   67.564527] 25217 total pagecache pages
[   67.564527] 0 pages in swap cache
[   67.564527] Swap cache stats: add 0, delete 0, find 0/4
[   67.564527] Free swap  = 998396kB
[   67.564527] Total swap = 998396kB
[   67.564527] 524174 pages RAM
[   67.564527] 0 pages HighMem/MovableOnly
[   67.564527] 11584 pages reserved
[   67.564527] 0 pages cma reserved
[   67.564527] 0 pages hwpoisoned
[   67.564527] [ pid ]   uid  tgid total_vm      rss nr_ptes nr_pmds swapents oom_score_adj name
[   67.564527] [  254]     0   254    10546      962      23       4        0         -1000 systemd-udevd
[   67.564527] [  461]   104   461    64099      823      27       3        0             0 rsyslogd
[   67.564527] [  463]   106   463    10723      964      25       3        0          -900 dbus-daemon
[   67.564527] [  546]     0   546     4031      213      11       3        0             0 dhclient
[   67.564527] [  562]     0   562     7137      781      18       3        0             0 systemd-logind
[   67.564527] [  574]     0   574     7252      777      19       3        0             0 cron
[   67.564527] [  597]     0   597     1126      442       8       3        0             0 ondemand
[   67.564527] [  604]     0   604     1822      165       9       3        0             0 sleep
[   67.564527] [  614]     0   614    16458      870      38       3        0             0 login
[   67.564527] [  620]     0   620     4868       56      14       3        0             0 irqbalance
[   67.564527] [  692]     0   692    80358      800      31       3        0             0 VBoxService
[   67.564527] [  733]     0   733     9174     1127      22       3        0             0 systemd
[   67.564527] [  736]     0   736    15272      447      32       3        0             0 (sd-pam)
[   67.564527] [  741]     0   741     5656     1336      16       3        0             0 bash
[   67.564527] [  768]     0   768     3681      215       9       3        0             0 test
[   67.564527] [  770]     0   770       87        1       4       3        0             0 systemd-cgroups
[   67.564527] Out of memory: Kill process 741 (bash) score 1 or sacrifice child
[   67.568272] Killed process 768 (test) total-vm:14724kB, anon-rss:80kB, file-rss:780kB
[   67.568272] systemd[1]: systemd-journald.service: Service has no hold-off time, scheduling restart.
[   67.568272] systemd[1]: Stopped Flush Journal to Persistent Storage.
[   67.568272] systemd[1]: Stopping Flush Journal to Persistent Storage...
[   67.568272] systemd[1]: Stopped Journal Service.
[   67.568272] swap_free: Bad swap file entry 244000000000ca71
[   67.568272] BUG: Bad page map in process test  pte:800000000194e224 pmd:7a718067
[   67.568880] addr:00007f2bf14fe000 vm_flags:08900073 anon_vma:          (null) mapping:          (null) index:7f2bf14fe
[   67.568880] file:          (null) fault:          (null) mmap:          (null) readpage:          (null)
[   67.568880] CPU: 1 PID: 768 Comm: test Tainted: G    B      OE   4.4.0 #53
[   67.568880] Hardware name: innotek GmbH VirtualBox/VirtualBox, BIOS VirtualBox 12/01/2006
[   67.568880]  0000000000000000 00000000e2dc663d ffff880035d33ab0 ffffffff8125e96f
[   67.568880]  00007f2bf14fe000 ffff880035d33b00 ffffffff8111485f ffff880035d33ad8
[   67.568880]  ffffffff811296c7 244000000000ca71 00007f2bf14fe000 800000000194e224
[   67.568880] Call Trace:
[   67.568880]  [<ffffffff8125e96f>] dump_stack+0x44/0x55
[   67.568880]  [<ffffffff8111485f>] print_bad_pte+0x19f/0x230
[   67.568880]  [<ffffffff811296c7>] ? swap_info_get+0x77/0xd0
[   67.568880]  [<ffffffff811162e9>] unmap_single_vma+0x439/0x740
[   67.568880]  [<ffffffff81116e52>] unmap_vmas+0x32/0x50
[   67.568880]  [<ffffffff8111f7b6>] exit_mmap+0xc6/0x140
[   67.568880]  [<ffffffff8104e8fa>] mmput+0x4a/0x120
[   67.568880]  [<ffffffff81053744>] do_exit+0x264/0xa80
[   67.568880]  [<ffffffff81077377>] ? sched_clock_local+0x17/0x80
[   67.568880]  [<ffffffff81053fd6>] do_group_exit+0x36/0xa0
[   67.568880]  [<ffffffff8105daf2>] get_signal+0x1c2/0x520
[   67.568880]  [<ffffffff81004112>] do_signal+0x32/0x5c0
[   67.568880]  [<ffffffff8107e818>] ? enqueue_task_fair+0x98/0x990
[   67.568880]  [<ffffffff81077377>] ? sched_clock_local+0x17/0x80
[   67.568880]  [<ffffffff81077546>] ? sched_clock_cpu+0x46/0xa0
[   67.568880]  [<ffffffff810331e8>] ? native_smp_send_reschedule+0x48/0x60
[   67.568880]  [<ffffffff810712c1>] ? resched_curr+0x51/0x70
[   67.568880]  [<ffffffff81071c7f>] ? check_preempt_curr+0x4f/0x90
[   67.568880]  [<ffffffff810734a6>] ? wake_up_new_task+0x106/0x150
[   67.568880]  [<ffffffff81002079>] exit_to_usermode_loop+0x79/0x90
[   67.568880]  [<ffffffff81002577>] syscall_return_slowpath+0x37/0x40
[   67.568880]  [<ffffffff8153e3e3>] int_ret_from_sys_call+0x25/0x8f
[   67.596270] systemd[1]: Starting Journal Service...
[   67.596270] BUG: Bad rss-counter state mm:ffff880079c378c0 idx:2 val:-1
[   67.596270] systemd-journald[771]: File /run/log/journal/e3bf8d3148ab44f882cf7ef1dc8e9dd3/system.journal corrupted or uncleanly shut down, renaming and replacing.
[   67.633761] systemd[1]: Started Journal Service.
[  101.864077] THREADLOCAL Detected
[  101.864077] start iterating tlp_list : ffff88007a6c8dd8
[  101.864077] pos is null
[  101.864077] iterated tlp_list successfully, found: 0
[  101.864077] mypage not allocated yet
[  101.864077] added current->pid = 785 to tlp
[  101.864077] added tlp->node to the tlp_list
[  101.864077] tasklet scheduled
[  101.864077] tasklet done, invalidated page_table
[  101.864077] swap_dup: Bad swap file entry 244000000000ca71
[  101.864077] test invoked oom-killer: gfp_mask=0x0, order=0, oom_score_adj=0
[  101.864077] test cpuset=/ mems_allowed=0
[  101.864077] CPU: 1 PID: 785 Comm: test Tainted: G    B      OE   4.4.0 #53
[  101.864077] Hardware name: innotek GmbH VirtualBox/VirtualBox, BIOS VirtualBox 12/01/2006
[  101.864077]  0000000000000000 000000001d687ced ffff88007a127d70 ffffffff8125e96f
[  101.864077]  ffff88007ca8aac0 ffff88007a127dd8 ffffffff81147d63 ffffffff812644e2
[  101.864077]  244000000000ca71 000000001d687ced ffff88007a127db8 ffffffff810effe9
[  101.864077] Call Trace:
[  101.864077]  [<ffffffff8125e96f>] dump_stack+0x44/0x55
[  101.864077]  [<ffffffff81147d63>] dump_header.isra.5+0x4f/0x1a8
[  101.864077]  [<ffffffff812644e2>] ? radix_tree_lookup_slot+0x22/0x50
[  101.864077]  [<ffffffff810effe9>] ? find_get_entry+0x19/0x90
[  101.864077]  [<ffffffff810f34eb>] oom_kill_process+0x2eb/0x3e0
[  101.864077]  [<ffffffff810f2e81>] ? find_lock_task_mm+0x31/0x70
[  101.864077]  [<ffffffff810f3822>] out_of_memory+0x1e2/0x2f0
[  101.864077]  [<ffffffff810f399d>] pagefault_out_of_memory+0x6d/0xb0
[  101.864077]  [<ffffffff81044418>] mm_fault_error+0x78/0x190
[  101.864077]  [<ffffffff810448e9>] __do_page_fault+0x3b9/0x3c0
[  101.864077]  [<ffffffff8153af70>] ? schedule+0x30/0x80
[  101.864077]  [<ffffffff810448fc>] do_page_fault+0xc/0x10
[  101.864077]  [<ffffffff8153f9e2>] page_fault+0x22/0x30
[  101.864077] Mem-Info:
[  101.864077] active_anon:3182 inactive_anon:1296 isolated_anon:0
                active_file:13679 inactive_file:10773 isolated_file:0
                unevictable:0 dirty:7 writeback:0 unstable:0
                slab_reclaimable:1651 slab_unreclaimable:2501
                mapped:2917 shmem:1413 pagetables:321 bounce:0
                free:472324 free_pcp:766 free_cma:0
[  101.864077] DMA free:13096kB min:40kB low:48kB high:60kB active_anon:312kB inactive_anon:108kB active_file:992kB inactive_file:688kB unevictable:0kB isolated(anon):0kB isolated(file):0kB present:15992kB managed:15908kB mlocked:0kB dirty:0kB writeback:0kB mapped:204kB shmem:128kB slab_reclaimable:120kB slab_unreclaimable:108kB kernel_stack:16kB pagetables:20kB unstable:0kB bounce:0kB free_pcp:0kB local_pcp:0kB free_cma:0kB writeback_tmp:0kB pages_scanned:0 all_unreclaimable? no
[  101.864077] lowmem_reserve[]: 0 1985 1985 1985
[  101.864077] DMA32 free:1876200kB min:5488kB low:6860kB high:8232kB active_anon:12416kB inactive_anon:5076kB active_file:53724kB inactive_file:42404kB unevictable:0kB isolated(anon):0kB isolated(file):0kB present:2080704kB managed:2034452kB mlocked:0kB dirty:28kB writeback:0kB mapped:11464kB shmem:5524kB slab_reclaimable:6484kB slab_unreclaimable:9896kB kernel_stack:1920kB pagetables:1264kB unstable:0kB bounce:0kB free_pcp:3064kB local_pcp:684kB free_cma:0kB writeback_tmp:0kB pages_scanned:0 all_unreclaimable? no
[  101.864077] lowmem_reserve[]: 0 0 0 0
[  101.864077] DMA: 6*4kB (UME) 4*8kB (UME) 3*16kB (UME) 2*32kB (UE) 4*64kB (UME) 3*128kB (UM) 2*256kB (ME) 3*512kB (UME) 2*1024kB (ME) 2*2048kB (UE) 1*4096kB (M) = 13096kB
[  101.864077] DMA32: 288*4kB (UME) 157*8kB (UME) 67*16kB (UME) 38*32kB (UME) 18*64kB (UME) 10*128kB (UME) 3*256kB (UM) 9*512kB (UM) 6*1024kB (UME) 3*2048kB (UM) 452*4096kB (UM) = 1876184kB
[  101.864077] 25866 total pagecache pages
[  101.864077] 0 pages in swap cache
[  101.864077] Swap cache stats: add 0, delete 0, find 0/5
[  101.864077] Free swap  = 998396kB
[  101.864077] Total swap = 998396kB
[  101.864077] 524174 pages RAM
[  101.864077] 0 pages HighMem/MovableOnly
[  101.864077] 11584 pages reserved
[  101.864077] 0 pages cma reserved
[  101.864077] 0 pages hwpoisoned
[  101.864077] [ pid ]   uid  tgid total_vm      rss nr_ptes nr_pmds swapents oom_score_adj name
[  101.864077] [  254]     0   254    10546      962      23       4        0         -1000 systemd-udevd
[  101.864077] [  461]   104   461    64099      823      27       3        0             0 rsyslogd
[  101.864077] [  463]   106   463    10723      964      25       3        0          -900 dbus-daemon
[  101.864077] [  546]     0   546     4031      213      11       3        0             0 dhclient
[  101.864077] [  562]     0   562     7137      781      18       3        0             0 systemd-logind
[  101.864077] [  574]     0   574     7252      777      19       3        0             0 cron
[  101.864077] [  614]     0   614    16458      870      38       3        0             0 login
[  101.864077] [  620]     0   620     4868       56      14       3        0             0 irqbalance
[  101.864077] [  692]     0   692    80358      800      31       3        0             0 VBoxService
[  101.864077] [  733]     0   733     9174     1127      22       3        0             0 systemd
[  101.864077] [  736]     0   736    15272      447      32       3        0             0 (sd-pam)
[  101.864077] [  741]     0   741     5656     1336      16       3        0             0 bash
[  101.864077] [  771]     0   771     9552     1250      22       3        0             0 systemd-journal
[  101.864077] [  785]     0   785     1632      179       9       3        0             0 test
[  101.864077] Out of memory: Kill process 741 (bash) score 1 or sacrifice child
[  101.864077] Killed process 785 (test) total-vm:6528kB, anon-rss:80kB, file-rss:636kB
[  101.864077] swap_free: Bad swap file entry 244000000000ca71
[  101.864077] BUG: Bad page map in process test  pte:800000000194e224 pmd:7a0f5067
[  101.864077] addr:00007feb965f4000 vm_flags:08900073 anon_vma:          (null) mapping:          (null) index:7feb965f4
[  101.866498] file:          (null) fault:          (null) mmap:          (null) readpage:          (null)
[  101.866498] CPU: 1 PID: 785 Comm: test Tainted: G    B      OE   4.4.0 #53
[  101.866498] Hardware name: innotek GmbH VirtualBox/VirtualBox, BIOS VirtualBox 12/01/2006
[  101.866498]  0000000000000000 000000001d687ced ffff88007a127ab8 ffffffff8125e96f
[  101.866498]  00007feb965f4000 ffff88007a127b08 ffffffff8111485f ffff88007a127ae0
[  101.866498]  ffffffff811296c7 244000000000ca71 00007feb965f4000 800000000194e224
[  101.866498] Call Trace:
[  101.866498]  [<ffffffff8125e96f>] dump_stack+0x44/0x55
[  101.866498]  [<ffffffff8111485f>] print_bad_pte+0x19f/0x230
[  101.866498]  [<ffffffff811296c7>] ? swap_info_get+0x77/0xd0
[  101.866498]  [<ffffffff811162e9>] unmap_single_vma+0x439/0x740
[  101.866498]  [<ffffffff81116e52>] unmap_vmas+0x32/0x50
[  101.866498]  [<ffffffff8111f7b6>] exit_mmap+0xc6/0x140
[  101.866498]  [<ffffffff8104e8fa>] mmput+0x4a/0x120
[  101.866498]  [<ffffffff81053744>] do_exit+0x264/0xa80
[  101.866498]  [<ffffffff81053fd6>] do_group_exit+0x36/0xa0
[  101.866498]  [<ffffffff8105daf2>] get_signal+0x1c2/0x520
[  101.866498]  [<ffffffff8153d530>] ? schedule_timeout+0x120/0x1c0
[  101.866498]  [<ffffffff81004112>] do_signal+0x32/0x5c0
[  101.866498]  [<ffffffff8153d609>] ? schedule_timeout_killable+0x19/0x20
[  101.866498]  [<ffffffff810f382c>] ? out_of_memory+0x1ec/0x2f0
[  101.866498]  [<ffffffff810f39c4>] ? pagefault_out_of_memory+0x94/0xb0
[  101.866498]  [<ffffffff81044418>] ? mm_fault_error+0x78/0x190
[  101.866498]  [<ffffffff81002079>] exit_to_usermode_loop+0x79/0x90
[  101.866498]  [<ffffffff81002538>] prepare_exit_to_usermode+0x18/0x20
[  101.866498]  [<ffffffff8153ed5b>] retint_user+0x8/0xd
[  101.868216] BUG: Bad rss-counter state mm:ffff88007caf6480 idx:2 val:-1
[  104.615674] THREADLOCAL Detected
[  104.615674] start iterating tlp_list : ffff88007c8aa2e8
[  104.615674] pos is null
[  104.615674] iterated tlp_list successfully, found: 0
[  104.615674] mypage not allocated yet
[  104.615674] added current->pid = 786 to tlp
[  104.615674] added tlp->node to the tlp_list
[  104.615674] tasklet scheduled
[  104.617282] tasklet done, invalidated page_table
[  104.617282] swap_free: Bad swap file entry 26400000003c7924
[  104.617282] BUG: Bad page map in process test  pte:8000000078f24866 pmd:7a0f6067
[  104.617282] addr:00007fda6eb3b000 vm_flags:08900073 anon_vma:ffff880079c9aae8 mapping:          (null) index:7fda6eb3b
[  104.617348] file:          (null) fault:          (null) mmap:          (null) readpage:          (null)
[  104.621282] CPU: 1 PID: 786 Comm: test Tainted: G    B      OE   4.4.0 #53
[  104.621282] Hardware name: innotek GmbH VirtualBox/VirtualBox, BIOS VirtualBox 12/01/2006
[  104.621282]  0000000000000000 000000007ef6fe9e ffff88007a127c70 ffffffff8125e96f
[  104.621282]  00007fda6eb3b000 ffff88007a127cc0 ffffffff8111485f ffff88007a127c98
[  104.621282]  ffffffff811296c7 26400000003c7924 00007fda6eb3b000 8000000078f24866
[  104.621282] Call Trace:
[  104.621282]  [<ffffffff8125e96f>] dump_stack+0x44/0x55
[  104.621282]  [<ffffffff8111485f>] print_bad_pte+0x19f/0x230
[  104.621282]  [<ffffffff811296c7>] ? swap_info_get+0x77/0xd0
[  104.621282]  [<ffffffff811162e9>] unmap_single_vma+0x439/0x740
[  104.621282]  [<ffffffff81116e52>] unmap_vmas+0x32/0x50
[  104.621282]  [<ffffffff8111f7b6>] exit_mmap+0xc6/0x140
[  104.621282]  [<ffffffff8104e8fa>] mmput+0x4a/0x120
[  104.621282]  [<ffffffff81053744>] do_exit+0x264/0xa80
[  104.621282]  [<ffffffff81053fd6>] do_group_exit+0x36/0xa0
[  104.621282]  [<ffffffff8105404f>] SyS_exit_group+0xf/0x10
[  104.621282]  [<ffffffff8153e297>] entry_SYSCALL_64_fastpath+0x12/0x66
[  104.621282] BUG: Bad rss-counter state mm:ffff880035f29880 idx:1 val:1
[  104.621282] BUG: Bad rss-counter state mm:ffff880035f29880 idx:2 val:-1
[  106.192188] THREADLOCAL Detected
[  106.192188] start iterating tlp_list : ffff880036b82b80
[  106.192188] pos is null
[  106.192188] iterated tlp_list successfully, found: 0
[  106.192188] mypage not allocated yet
[  106.192188] added current->pid = 787 to tlp
[  106.192188] added tlp->node to the tlp_list
[  106.192188] tasklet scheduled
[  106.192188] tasklet done, invalidated page_table
[  106.192188] swap_dup: Bad swap file entry 244000000000ca71
[  106.192188] test invoked oom-killer: gfp_mask=0x0, order=0, oom_score_adj=0
[  106.192188] test cpuset=/ mems_allowed=0
[  106.192188] CPU: 1 PID: 787 Comm: test Tainted: G    B      OE   4.4.0 #53
[  106.192188] Hardware name: innotek GmbH VirtualBox/VirtualBox, BIOS VirtualBox 12/01/2006
[  106.192188]  0000000000000000 0000000062e40bf0 ffff88007a127d70 ffffffff8125e96f
[  106.192188]  ffff88007ca8aac0 ffff88007a127dd8 ffffffff81147d63 ffffffff812644e2
[  106.192188]  244000000000ca71 0000000062e40bf0 ffff88007a127db8 ffffffff810effe9
[  106.192188] Call Trace:
[  106.192188]  [<ffffffff8125e96f>] dump_stack+0x44/0x55
[  106.192188]  [<ffffffff81147d63>] dump_header.isra.5+0x4f/0x1a8
[  106.192188]  [<ffffffff812644e2>] ? radix_tree_lookup_slot+0x22/0x50
[  106.192188]  [<ffffffff810effe9>] ? find_get_entry+0x19/0x90
[  106.192188]  [<ffffffff810f34eb>] oom_kill_process+0x2eb/0x3e0
[  106.192188]  [<ffffffff810f2e81>] ? find_lock_task_mm+0x31/0x70
[  106.192188]  [<ffffffff810f3822>] out_of_memory+0x1e2/0x2f0
[  106.192188]  [<ffffffff810f399d>] pagefault_out_of_memory+0x6d/0xb0
[  106.192188]  [<ffffffff81044418>] mm_fault_error+0x78/0x190
[  106.192188]  [<ffffffff810448e9>] __do_page_fault+0x3b9/0x3c0
[  106.192188]  [<ffffffff8153af70>] ? schedule+0x30/0x80
[  106.192188]  [<ffffffff810448fc>] do_page_fault+0xc/0x10
[  106.192188]  [<ffffffff8153f9e2>] page_fault+0x22/0x30
[  106.192188] Mem-Info:
[  106.192188] active_anon:3168 inactive_anon:1296 isolated_anon:0
                active_file:13681 inactive_file:10773 isolated_file:0
                unevictable:0 dirty:17 writeback:0 unstable:0
                slab_reclaimable:1651 slab_unreclaimable:2502
                mapped:2927 shmem:1413 pagetables:321 bounce:0
                free:472327 free_pcp:760 free_cma:0
[  106.192188] DMA free:13124kB min:40kB low:48kB high:60kB active_anon:284kB inactive_anon:108kB active_file:992kB inactive_file:688kB unevictable:0kB isolated(anon):0kB isolated(file):0kB present:15992kB managed:15908kB mlocked:0kB dirty:0kB writeback:0kB mapped:204kB shmem:128kB slab_reclaimable:120kB slab_unreclaimable:108kB kernel_stack:16kB pagetables:20kB unstable:0kB bounce:0kB free_pcp:0kB local_pcp:0kB free_cma:0kB writeback_tmp:0kB pages_scanned:0 all_unreclaimable? no
[  106.192188] lowmem_reserve[]: 0 1985 1985 1985
[  106.192188] DMA32 free:1876184kB min:5488kB low:6860kB high:8232kB active_anon:12388kB inactive_anon:5076kB active_file:53732kB inactive_file:42404kB unevictable:0kB isolated(anon):0kB isolated(file):0kB present:2080704kB managed:2034452kB mlocked:0kB dirty:68kB writeback:0kB mapped:11504kB shmem:5524kB slab_reclaimable:6484kB slab_unreclaimable:9900kB kernel_stack:1920kB pagetables:1264kB unstable:0kB bounce:0kB free_pcp:3040kB local_pcp:576kB free_cma:0kB writeback_tmp:0kB pages_scanned:0 all_unreclaimable? no
[  106.192188] lowmem_reserve[]: 0 0 0 0
[  106.192188] DMA: 7*4kB (UME) 3*8kB (UE) 3*16kB (UME) 3*32kB (UME) 4*64kB (UME) 3*128kB (UM) 2*256kB (ME) 3*512kB (UME) 2*1024kB (ME) 2*2048kB (UE) 1*4096kB (M) = 13124kB
[  106.192188] DMA32: 266*4kB (UME) 156*8kB (UME) 67*16kB (UME) 37*32kB (UME) 20*64kB (UME) 10*128kB (UME) 3*256kB (UM) 9*512kB (UM) 6*1024kB (UME) 3*2048kB (UM) 452*4096kB (UM) = 1876184kB
[  106.192188] 25868 total pagecache pages
[  106.192188] 0 pages in swap cache
[  106.192188] Swap cache stats: add 0, delete 0, find 0/6
[  106.192188] Free swap  = 998396kB
[  106.192188] Total swap = 998396kB
[  106.192188] 524174 pages RAM
[  106.192188] 0 pages HighMem/MovableOnly
[  106.192188] 11584 pages reserved
[  106.192188] 0 pages cma reserved
[  106.192188] 0 pages hwpoisoned
[  106.192188] [ pid ]   uid  tgid total_vm      rss nr_ptes nr_pmds swapents oom_score_adj name
[  106.192188] [  254]     0   254    10546      962      23       4        0         -1000 systemd-udevd
[  106.192188] [  461]   104   461    64099      823      27       3        0             0 rsyslogd
[  106.192188] [  463]   106   463    10723      964      25       3        0          -900 dbus-daemon
[  106.192188] [  546]     0   546     4031      213      11       3        0             0 dhclient
[  106.192188] [  562]     0   562     7137      781      18       3        0             0 systemd-logind
[  106.192188] [  574]     0   574     7252      777      19       3        0             0 cron
[  106.192188] [  614]     0   614    16458      870      38       3        0             0 login
[  106.192188] [  620]     0   620     4868       56      14       3        0             0 irqbalance
[  106.192188] [  692]     0   692    80358      800      31       3        0             0 VBoxService
[  106.192188] [  733]     0   733     9174     1127      22       3        0             0 systemd
[  106.192188] [  736]     0   736    15272      447      32       3        0             0 (sd-pam)
[  106.192188] [  741]     0   741     5656     1336      16       3        0             0 bash
[  106.192188] [  771]     0   771     9552     1250      22       3        0             0 systemd-journal
[  106.192188] [  787]     0   787     1632      178       9       3        0             0 test
[  106.192188] Out of memory: Kill process 741 (bash) score 1 or sacrifice child
[  106.192188] Killed process 787 (test) total-vm:6528kB, anon-rss:80kB, file-rss:632kB
[  106.192188] swap_free: Bad swap file entry 244000000000ca71
[  106.192188] BUG: Bad page map in process test  pte:800000000194e224 pmd:7aeea067
[  106.192188] addr:00007fbd7b985000 vm_flags:08900073 anon_vma:          (null) mapping:          (null) index:7fbd7b985
[  106.192188] file:          (null) fault:          (null) mmap:          (null) readpage:          (null)
[  106.192188] CPU: 1 PID: 787 Comm: test Tainted: G    B      OE   4.4.0 #53
[  106.192188] Hardware name: innotek GmbH VirtualBox/VirtualBox, BIOS VirtualBox 12/01/2006
[  106.192188]  0000000000000000 0000000062e40bf0 ffff88007a127ab8 ffffffff8125e96f
[  106.192188]  00007fbd7b985000 ffff88007a127b08 ffffffff8111485f ffff88007a127ae0
[  106.192188]  ffffffff811296c7 244000000000ca71 00007fbd7b985000 800000000194e224
[  106.192188] Call Trace:
[  106.192188]  [<ffffffff8125e96f>] dump_stack+0x44/0x55
[  106.192188]  [<ffffffff8111485f>] print_bad_pte+0x19f/0x230
[  106.192188]  [<ffffffff811296c7>] ? swap_info_get+0x77/0xd0
[  106.192188]  [<ffffffff811162e9>] unmap_single_vma+0x439/0x740
[  106.192188]  [<ffffffff81116e52>] unmap_vmas+0x32/0x50
[  106.192188]  [<ffffffff8111f7b6>] exit_mmap+0xc6/0x140
[  106.192188]  [<ffffffff8104e8fa>] mmput+0x4a/0x120
[  106.192188]  [<ffffffff81053744>] do_exit+0x264/0xa80
[  106.192188]  [<ffffffff81053fd6>] do_group_exit+0x36/0xa0
[  106.192188]  [<ffffffff8105daf2>] get_signal+0x1c2/0x520
[  106.192188]  [<ffffffff8153d530>] ? schedule_timeout+0x120/0x1c0
[  106.192188]  [<ffffffff81004112>] do_signal+0x32/0x5c0
[  106.192188]  [<ffffffff8153d609>] ? schedule_timeout_killable+0x19/0x20
[  106.192188]  [<ffffffff810f382c>] ? out_of_memory+0x1ec/0x2f0
[  106.192188]  [<ffffffff810f39c4>] ? pagefault_out_of_memory+0x94/0xb0
[  106.192188]  [<ffffffff81044418>] ? mm_fault_error+0x78/0x190
[  106.192188]  [<ffffffff81002079>] exit_to_usermode_loop+0x79/0x90
[  106.192188]  [<ffffffff81002538>] prepare_exit_to_usermode+0x18/0x20
[  106.192188]  [<ffffffff8153ed5b>] retint_user+0x8/0xd
[  106.193053] BUG: Bad rss-counter state mm:ffff880035f29880 idx:2 val:-1
[  107.124598] THREADLOCAL Detected
[  107.124598] start iterating tlp_list : ffff88007caa1d10
[  107.124598] pos is null
[  107.124598] iterated tlp_list successfully, found: 0
[  107.124598] mypage not allocated yet
[  107.124598] added current->pid = 788 to tlp
[  107.124598] added tlp->node to the tlp_list
[  107.124598] tasklet scheduled
[  107.124598] tasklet done, invalidated page_table
[  107.124598] swap_dup: Bad swap file entry 244000000000ca71
[  107.124598] test invoked oom-killer: gfp_mask=0x0, order=0, oom_score_adj=0
[  107.124598] test cpuset=/ mems_allowed=0
[  107.124598] CPU: 1 PID: 788 Comm: test Tainted: G    B      OE   4.4.0 #53
[  107.124598] Hardware name: innotek GmbH VirtualBox/VirtualBox, BIOS VirtualBox 12/01/2006
[  107.124598]  0000000000000000 000000008b25f2af ffff88007a127d70 ffffffff8125e96f
[  107.124598]  ffff88007ca8aac0 ffff88007a127dd8 ffffffff81147d63 ffffffff812644e2
[  107.124598]  244000000000ca71 000000008b25f2af ffff88007a127db8 ffffffff810effe9
[  107.124598] Call Trace:
[  107.124598]  [<ffffffff8125e96f>] dump_stack+0x44/0x55
[  107.124598]  [<ffffffff81147d63>] dump_header.isra.5+0x4f/0x1a8
[  107.124598]  [<ffffffff812644e2>] ? radix_tree_lookup_slot+0x22/0x50
[  107.124598]  [<ffffffff810effe9>] ? find_get_entry+0x19/0x90
[  107.124598]  [<ffffffff810f34eb>] oom_kill_process+0x2eb/0x3e0
[  107.124598]  [<ffffffff810f2e81>] ? find_lock_task_mm+0x31/0x70
[  107.124598]  [<ffffffff810f3822>] out_of_memory+0x1e2/0x2f0
[  107.124598]  [<ffffffff810f399d>] pagefault_out_of_memory+0x6d/0xb0
[  107.124598]  [<ffffffff81044418>] mm_fault_error+0x78/0x190
[  107.124598]  [<ffffffff810448e9>] __do_page_fault+0x3b9/0x3c0
[  107.124598]  [<ffffffff8153af70>] ? schedule+0x30/0x80
[  107.124598]  [<ffffffff810448fc>] do_page_fault+0xc/0x10
[  107.124598]  [<ffffffff8153f9e2>] page_fault+0x22/0x30
[  107.124598] Mem-Info:
[  107.124598] active_anon:3179 inactive_anon:1296 isolated_anon:0
                active_file:13681 inactive_file:10773 isolated_file:0
                unevictable:0 dirty:17 writeback:0 unstable:0
                slab_reclaimable:1654 slab_unreclaimable:2502
                mapped:2940 shmem:1413 pagetables:321 bounce:0
                free:472362 free_pcp:722 free_cma:0
[  107.124598] DMA free:13124kB min:40kB low:48kB high:60kB active_anon:284kB inactive_anon:108kB active_file:992kB inactive_file:688kB unevictable:0kB isolated(anon):0kB isolated(file):0kB present:15992kB managed:15908kB mlocked:0kB dirty:0kB writeback:0kB mapped:204kB shmem:128kB slab_reclaimable:120kB slab_unreclaimable:108kB kernel_stack:16kB pagetables:20kB unstable:0kB bounce:0kB free_pcp:0kB local_pcp:0kB free_cma:0kB writeback_tmp:0kB pages_scanned:0 all_unreclaimable? no
[  107.124598] lowmem_reserve[]: 0 1985 1985 1985
[  107.124598] DMA32 free:1876324kB min:5488kB low:6860kB high:8232kB active_anon:12432kB inactive_anon:5076kB active_file:53732kB inactive_file:42404kB unevictable:0kB isolated(anon):0kB isolated(file):0kB present:2080704kB managed:2034452kB mlocked:0kB dirty:68kB writeback:0kB mapped:11556kB shmem:5524kB slab_reclaimable:6496kB slab_unreclaimable:9900kB kernel_stack:1920kB pagetables:1264kB unstable:0kB bounce:0kB free_pcp:2888kB local_pcp:612kB free_cma:0kB writeback_tmp:0kB pages_scanned:0 all_unreclaimable? no
[  107.124598] lowmem_reserve[]: 0 0 0 0
[  107.124598] DMA: 7*4kB (UME) 3*8kB (UE) 3*16kB (UME) 3*32kB (UME) 4*64kB (UME) 3*128kB (UM) 2*256kB (ME) 3*512kB (UME) 2*1024kB (ME) 2*2048kB (UE) 1*4096kB (M) = 13124kB
[  107.124598] DMA32: 277*4kB (UME) 156*8kB (UME) 66*16kB (UME) 36*32kB (UME) 18*64kB (UME) 10*128kB (UME) 4*256kB (UM) 9*512kB (UM) 6*1024kB (UME) 3*2048kB (UM) 452*4096kB (UM) = 1876308kB
[  107.124598] 25868 total pagecache pages
[  107.124598] 0 pages in swap cache
[  107.124598] Swap cache stats: add 0, delete 0, find 0/7
[  107.124598] Free swap  = 998396kB
[  107.124598] Total swap = 998396kB
[  107.124598] 524174 pages RAM
[  107.124598] 0 pages HighMem/MovableOnly
[  107.124598] 11584 pages reserved
[  107.124598] 0 pages cma reserved
[  107.124598] 0 pages hwpoisoned
[  107.124598] [ pid ]   uid  tgid total_vm      rss nr_ptes nr_pmds swapents oom_score_adj name
[  107.124598] [  254]     0   254    10546      962      23       4        0         -1000 systemd-udevd
[  107.124598] [  461]   104   461    64099      823      27       3        0             0 rsyslogd
[  107.124598] [  463]   106   463    10723      964      25       3        0          -900 dbus-daemon
[  107.124598] [  546]     0   546     4031      213      11       3        0             0 dhclient
[  107.124598] [  562]     0   562     7137      781      18       3        0             0 systemd-logind
[  107.124598] [  574]     0   574     7252      777      19       3        0             0 cron
[  107.124598] [  614]     0   614    16458      870      38       3        0             0 login
[  107.124598] [  620]     0   620     4868       56      14       3        0             0 irqbalance
[  107.124598] [  692]     0   692    80358      800      31       3        0             0 VBoxService
[  107.124598] [  733]     0   733     9174     1127      22       3        0             0 systemd
[  107.124598] [  736]     0   736    15272      447      32       3        0             0 (sd-pam)
[  107.124598] [  741]     0   741     5656     1336      16       3        0             0 bash
[  107.124598] [  771]     0   771     9552     1250      22       3        0             0 systemd-journal
[  107.124598] [  788]     0   788     1632      173       9       3        0             0 test
[  107.124598] Out of memory: Kill process 741 (bash) score 1 or sacrifice child
[  107.124598] Killed process 788 (test) total-vm:6528kB, anon-rss:76kB, file-rss:616kB
[  107.124598] swap_free: Bad swap file entry 244000000000ca71
[  107.124598] BUG: Bad page map in process test  pte:800000000194e224 pmd:7c869067
[  107.124598] addr:00007f14979a8000 vm_flags:08900073 anon_vma:          (null) mapping:          (null) index:7f14979a8
[  107.124598] file:          (null) fault:          (null) mmap:          (null) readpage:          (null)
[  107.124598] CPU: 1 PID: 788 Comm: test Tainted: G    B      OE   4.4.0 #53
[  107.124598] Hardware name: innotek GmbH VirtualBox/VirtualBox, BIOS VirtualBox 12/01/2006
[  107.124598]  0000000000000000 000000008b25f2af ffff88007a127ab8 ffffffff8125e96f
[  107.124598]  00007f14979a8000 ffff88007a127b08 ffffffff8111485f ffff88007a127ae0
[  107.124598]  ffffffff811296c7 244000000000ca71 00007f14979a8000 800000000194e224
[  107.124598] Call Trace:
[  107.124598]  [<ffffffff8125e96f>] dump_stack+0x44/0x55
[  107.124598]  [<ffffffff8111485f>] print_bad_pte+0x19f/0x230
[  107.124598]  [<ffffffff811296c7>] ? swap_info_get+0x77/0xd0
[  107.124598]  [<ffffffff811162e9>] unmap_single_vma+0x439/0x740
[  107.124598]  [<ffffffff81116e52>] unmap_vmas+0x32/0x50
[  107.124598]  [<ffffffff8111f7b6>] exit_mmap+0xc6/0x140
[  107.124598]  [<ffffffff8104e8fa>] mmput+0x4a/0x120
[  107.124598]  [<ffffffff81053744>] do_exit+0x264/0xa80
[  107.124598]  [<ffffffff81053fd6>] do_group_exit+0x36/0xa0
[  107.124598]  [<ffffffff8105daf2>] get_signal+0x1c2/0x520
[  107.124598]  [<ffffffff8153d530>] ? schedule_timeout+0x120/0x1c0
[  107.124598]  [<ffffffff81004112>] do_signal+0x32/0x5c0
[  107.124598]  [<ffffffff8153d609>] ? schedule_timeout_killable+0x19/0x20
[  107.124598]  [<ffffffff810f382c>] ? out_of_memory+0x1ec/0x2f0
[  107.124598]  [<ffffffff810f39c4>] ? pagefault_out_of_memory+0x94/0xb0
[  107.124598]  [<ffffffff81044418>] ? mm_fault_error+0x78/0x190
[  107.124598]  [<ffffffff81002079>] exit_to_usermode_loop+0x79/0x90
[  107.124598]  [<ffffffff81002538>] prepare_exit_to_usermode+0x18/0x20
[  107.124598]  [<ffffffff8153ed5b>] retint_user+0x8/0xd
[  107.131512] BUG: Bad rss-counter state mm:ffff880035f29880 idx:2 val:-1
[  111.082901] THREADLOCAL Detected
[  111.082901] start iterating tlp_list : ffff880036ae06d0
[  111.082901] pos is null
[  111.082901] iterated tlp_list successfully, found: 0
[  111.082901] mypage not allocated yet
[  111.082901] added current->pid = 789 to tlp
[  111.082901] added tlp->node to the tlp_list
[  111.082901] tasklet scheduled
[  111.082901] tasklet done, invalidated page_table
[  111.082901] swap_dup: Bad swap file entry 244000000000ca71
[  111.082901] test invoked oom-killer: gfp_mask=0x0, order=0, oom_score_adj=0
[  111.082901] test cpuset=/ mems_allowed=0
[  111.082901] CPU: 1 PID: 789 Comm: test Tainted: G    B      OE   4.4.0 #53
[  111.082901] Hardware name: innotek GmbH VirtualBox/VirtualBox, BIOS VirtualBox 12/01/2006
[  111.082901]  0000000000000000 000000005292da52 ffff88000015fd70 ffffffff8125e96f
[  111.082901]  ffff88007ca8aac0 ffff88000015fdd8 ffffffff81147d63 ffffffff812644e2
[  111.082901]  244000000000ca71 000000005292da52 ffff88000015fdb8 ffffffff810effe9
[  111.082901] Call Trace:
[  111.082901]  [<ffffffff8125e96f>] dump_stack+0x44/0x55
[  111.082901]  [<ffffffff81147d63>] dump_header.isra.5+0x4f/0x1a8
[  111.082901]  [<ffffffff812644e2>] ? radix_tree_lookup_slot+0x22/0x50
[  111.082901]  [<ffffffff810effe9>] ? find_get_entry+0x19/0x90
[  111.082901]  [<ffffffff810f34eb>] oom_kill_process+0x2eb/0x3e0
[  111.082901]  [<ffffffff810f2e81>] ? find_lock_task_mm+0x31/0x70
[  111.082901]  [<ffffffff810f3822>] out_of_memory+0x1e2/0x2f0
[  111.082901]  [<ffffffff810f399d>] pagefault_out_of_memory+0x6d/0xb0
[  111.082901]  [<ffffffff81044418>] mm_fault_error+0x78/0x190
[  111.082901]  [<ffffffff810448e9>] __do_page_fault+0x3b9/0x3c0
[  111.082901]  [<ffffffff8153af70>] ? schedule+0x30/0x80
[  111.082901]  [<ffffffff810448fc>] do_page_fault+0xc/0x10
[  111.082901]  [<ffffffff8153f9e2>] page_fault+0x22/0x30
[  111.082901] Mem-Info:
[  111.082901] active_anon:3173 inactive_anon:1296 isolated_anon:0
                active_file:13682 inactive_file:10773 isolated_file:0
                unevictable:0 dirty:2 writeback:0 unstable:0
                slab_reclaimable:1653 slab_unreclaimable:2502
                mapped:2948 shmem:1413 pagetables:321 bounce:0
                free:472384 free_pcp:697 free_cma:0
[  111.082901] DMA free:13088kB min:40kB low:48kB high:60kB active_anon:284kB inactive_anon:108kB active_file:992kB inactive_file:688kB unevictable:0kB isolated(anon):0kB isolated(file):0kB present:15992kB managed:15908kB mlocked:0kB dirty:0kB writeback:0kB mapped:204kB shmem:128kB slab_reclaimable:120kB slab_unreclaimable:108kB kernel_stack:16kB pagetables:20kB unstable:0kB bounce:0kB free_pcp:0kB local_pcp:0kB free_cma:0kB writeback_tmp:0kB pages_scanned:0 all_unreclaimable? no
[  111.082901] lowmem_reserve[]: 0 1985 1985 1985
[  111.082901] DMA32 free:1876448kB min:5488kB low:6860kB high:8232kB active_anon:12408kB inactive_anon:5076kB active_file:53736kB inactive_file:42404kB unevictable:0kB isolated(anon):0kB isolated(file):0kB present:2080704kB managed:2034452kB mlocked:0kB dirty:8kB writeback:0kB mapped:11588kB shmem:5524kB slab_reclaimable:6492kB slab_unreclaimable:9900kB kernel_stack:1920kB pagetables:1264kB unstable:0kB bounce:0kB free_pcp:2788kB local_pcp:512kB free_cma:0kB writeback_tmp:0kB pages_scanned:0 all_unreclaimable? no
[  111.082901] lowmem_reserve[]: 0 0 0 0
[  111.082901] DMA: 4*4kB (UE) 3*8kB (UE) 2*16kB (ME) 3*32kB (UME) 4*64kB (UME) 3*128kB (UM) 2*256kB (ME) 3*512kB (UME) 2*1024kB (ME) 2*2048kB (UE) 1*4096kB (M) = 13096kB
[  111.082901] DMA32: 300*4kB (UME) 160*8kB (UME) 67*16kB (UME) 36*32kB (UME) 18*64kB (UME) 10*128kB (UME) 4*256kB (UM) 9*512kB (UM) 6*1024kB (UME) 3*2048kB (UM) 452*4096kB (UM) = 1876448kB
[  111.082901] 25870 total pagecache pages
[  111.082901] 0 pages in swap cache
[  111.082901] Swap cache stats: add 0, delete 0, find 0/8
[  111.082901] Free swap  = 998396kB
[  111.082901] Total swap = 998396kB
[  111.082901] 524174 pages RAM
[  111.082901] 0 pages HighMem/MovableOnly
[  111.082901] 11584 pages reserved
[  111.082901] 0 pages cma reserved
[  111.082901] 0 pages hwpoisoned
[  111.082901] [ pid ]   uid  tgid total_vm      rss nr_ptes nr_pmds swapents oom_score_adj name
[  111.082901] [  254]     0   254    10546      962      23       4        0         -1000 systemd-udevd
[  111.082901] [  461]   104   461    64099      823      27       3        0             0 rsyslogd
[  111.082901] [  463]   106   463    10723      964      25       3        0          -900 dbus-daemon
[  111.082901] [  546]     0   546     4031      213      11       3        0             0 dhclient
[  111.082901] [  562]     0   562     7137      781      18       3        0             0 systemd-logind
[  111.082901] [  574]     0   574     7252      777      19       3        0             0 cron
[  111.082901] [  614]     0   614    16458      870      38       3        0             0 login
[  111.082901] [  620]     0   620     4868       56      14       3        0             0 irqbalance
[  111.082901] [  692]     0   692    80358      800      31       3        0             0 VBoxService
[  111.082901] [  733]     0   733     9174     1127      22       3        0             0 systemd
[  111.082901] [  736]     0   736    15272      447      32       3        0             0 (sd-pam)
[  111.082901] [  741]     0   741     5656     1336      16       3        0             0 bash
[  111.082901] [  771]     0   771     9552     1250      22       3        0             0 systemd-journal
[  111.082901] [  789]     0   789     1632      179       8       3        0             0 test
[  111.082901] Out of memory: Kill process 741 (bash) score 1 or sacrifice child
[  111.085860] Killed process 789 (test) total-vm:6528kB, anon-rss:76kB, file-rss:640kB
[  111.092209] swap_free: Bad swap file entry 244000000000ca71
[  111.092209] BUG: Bad page map in process test  pte:800000000194e224 pmd:7ca0a067
[  111.092209] addr:00007f1c66773000 vm_flags:08900073 anon_vma:          (null) mapping:          (null) index:7f1c66773
[  111.092209] file:          (null) fault:          (null) mmap:          (null) readpage:          (null)
[  111.092209] CPU: 1 PID: 789 Comm: test Tainted: G    B      OE   4.4.0 #53
[  111.092209] Hardware name: innotek GmbH VirtualBox/VirtualBox, BIOS VirtualBox 12/01/2006
[  111.092209]  0000000000000000 000000005292da52 ffff88000015fab8 ffffffff8125e96f
[  111.092209]  00007f1c66773000 ffff88000015fb08 ffffffff8111485f ffff88000015fae0
[  111.092209]  ffffffff811296c7 244000000000ca71 00007f1c66773000 800000000194e224
[  111.092209] Call Trace:
[  111.092209]  [<ffffffff8125e96f>] dump_stack+0x44/0x55
[  111.092209]  [<ffffffff8111485f>] print_bad_pte+0x19f/0x230
[  111.092209]  [<ffffffff811296c7>] ? swap_info_get+0x77/0xd0
[  111.092209]  [<ffffffff811162e9>] unmap_single_vma+0x439/0x740
[  111.092209]  [<ffffffff81116e52>] unmap_vmas+0x32/0x50
[  111.092209]  [<ffffffff8111f7b6>] exit_mmap+0xc6/0x140
[  111.092209]  [<ffffffff8107989d>] ? set_next_entity+0x6d/0x940
[  111.092209]  [<ffffffff8104e8fa>] mmput+0x4a/0x120
[  111.092209]  [<ffffffff81053744>] do_exit+0x264/0xa80
[  111.092209]  [<ffffffff81053fd6>] do_group_exit+0x36/0xa0
[  111.092209]  [<ffffffff8105daf2>] get_signal+0x1c2/0x520
[  111.092209]  [<ffffffff8153d530>] ? schedule_timeout+0x120/0x1c0
[  111.092209]  [<ffffffff81004112>] do_signal+0x32/0x5c0
[  111.092209]  [<ffffffff8153d609>] ? schedule_timeout_killable+0x19/0x20
[  111.092209]  [<ffffffff810f382c>] ? out_of_memory+0x1ec/0x2f0
[  111.092209]  [<ffffffff810f39c4>] ? pagefault_out_of_memory+0x94/0xb0
[  111.092209]  [<ffffffff81044418>] ? mm_fault_error+0x78/0x190
[  111.092209]  [<ffffffff81002079>] exit_to_usermode_loop+0x79/0x90
[  111.092209]  [<ffffffff81002538>] prepare_exit_to_usermode+0x18/0x20
[  111.092209]  [<ffffffff8153ed5b>] retint_user+0x8/0xd
[  111.092924] BUG: Bad rss-counter state mm:ffff880035f29880 idx:2 val:-1

[  111.849375] THREADLOCAL Detected
[  111.849375] start iterating tlp_list : ffff88007a190158
[  111.849375] pos is null
[  111.849375] iterated tlp_list successfully, found: 0
[  111.849375] mypage not allocated yet
[  111.849375] added current->pid = 790 to tlp
[  111.849375] added tlp->node to the tlp_list
[  111.849375] tasklet scheduled
[  111.849375] tasklet done, invalidated page_table

[  203.934616] THREADLOCAL Detected
[  203.934616] start iterating tlp_list : ffff880036423478
[  203.934616] pos is null
[  203.934616] iterated tlp_list successfully, found: 0
[  203.934616] mypage not allocated yet
[  203.934616] added current->pid = 798 to tlp
[  203.934616] added tlp->node to the tlp_list
[  203.934616] tasklet scheduled
[  203.934616] tasklet done, invalidated page_table
[  203.934616] swap_dup: Bad swap file entry 244000000000ca71
[  203.934616] test invoked oom-killer: gfp_mask=0x0, order=0, oom_score_adj=0
[  203.934616] test cpuset=/ mems_allowed=0
[  203.934616] CPU: 0 PID: 799 Comm: test Tainted: G    B      OE   4.4.0 #53
[  203.934616] Hardware name: innotek GmbH VirtualBox/VirtualBox, BIOS VirtualBox 12/01/2006
[  203.934616]  0000000000000000 00000000b1d7b280 ffff88007ae8fd70 ffffffff8125e96f
[  203.934616]  ffff88007ca8aac0 ffff88007ae8fdd8 ffffffff81147d63 ffffffff812644e2
[  203.934616]  244000000000ca71 00000000b1d7b280 ffff88007ae8fdb8 ffffffff810effe9
[  203.934616] Call Trace:
[  203.934616]  [<ffffffff8125e96f>] dump_stack+0x44/0x55
[  203.934616]  [<ffffffff81147d63>] dump_header.isra.5+0x4f/0x1a8
[  203.934616]  [<ffffffff812644e2>] ? radix_tree_lookup_slot+0x22/0x50
[  203.934616]  [<ffffffff810effe9>] ? find_get_entry+0x19/0x90
[  203.934616]  [<ffffffff810f34eb>] oom_kill_process+0x2eb/0x3e0
[  203.934616]  [<ffffffff810f2e81>] ? find_lock_task_mm+0x31/0x70
[  203.934616]  [<ffffffff810f3822>] out_of_memory+0x1e2/0x2f0
[  203.934616]  [<ffffffff810f399d>] pagefault_out_of_memory+0x6d/0xb0
[  203.934616]  [<ffffffff81044418>] mm_fault_error+0x78/0x190
[  203.934616]  [<ffffffff810448e9>] __do_page_fault+0x3b9/0x3c0
[  203.934616]  [<ffffffff810448fc>] do_page_fault+0xc/0x10
[  203.934616]  [<ffffffff8153f9e2>] page_fault+0x22/0x30
[  203.934616] Mem-Info:
[  203.934616] active_anon:3170 inactive_anon:1296 isolated_anon:0
                active_file:13754 inactive_file:10706 isolated_file:0
                unevictable:0 dirty:3 writeback:0 unstable:0
                slab_reclaimable:1644 slab_unreclaimable:2488
                mapped:2959 shmem:1413 pagetables:321 bounce:0
                free:472161 free_pcp:934 free_cma:0
[  203.934616] DMA free:13088kB min:40kB low:48kB high:60kB active_anon:312kB inactive_anon:108kB active_file:1000kB inactive_file:688kB unevictable:0kB isolated(anon):0kB isolated(file):0kB present:15992kB managed:15908kB mlocked:0kB dirty:0kB writeback:0kB mapped:204kB shmem:128kB slab_reclaimable:120kB slab_unreclaimable:108kB kernel_stack:16kB pagetables:20kB unstable:0kB bounce:0kB free_pcp:0kB local_pcp:0kB free_cma:0kB writeback_tmp:0kB pages_scanned:0 all_unreclaimable? no
[  203.934616] lowmem_reserve[]: 0 1985 1985 1985
[  203.934616] DMA32 free:1875556kB min:5488kB low:6860kB high:8232kB active_anon:12368kB inactive_anon:5076kB active_file:54016kB inactive_file:42136kB unevictable:0kB isolated(anon):0kB isolated(file):0kB present:2080704kB managed:2034452kB mlocked:0kB dirty:12kB writeback:0kB mapped:11632kB shmem:5524kB slab_reclaimable:6456kB slab_unreclaimable:9844kB kernel_stack:1920kB pagetables:1264kB unstable:0kB bounce:0kB free_pcp:3736kB local_pcp:636kB free_cma:0kB writeback_tmp:0kB pages_scanned:0 all_unreclaimable? no
[  203.934616] lowmem_reserve[]: 0 0 0 0
[  203.934616] DMA: 7*4kB (UME) 3*8kB (UE) 3*16kB (UME) 2*32kB (UE) 4*64kB (UME) 3*128kB (UM) 2*256kB (ME) 3*512kB (UME) 2*1024kB (ME) 2*2048kB (UE) 1*4096kB (M) = 13092kB
[  203.934616] DMA32: 257*4kB (UME) 180*8kB (UME) 78*16kB (UME) 34*32kB (UME) 16*64kB (UME) 11*128kB (UME) 4*256kB (UM) 9*512kB (UM) 5*1024kB (UE) 3*2048kB (UM) 452*4096kB (UM) = 1875524kB
[  203.934616] 25872 total pagecache pages
[  203.934616] 0 pages in swap cache
[  203.934616] Swap cache stats: add 0, delete 0, find 0/9
[  203.934616] Free swap  = 998396kB
[  203.934616] Total swap = 998396kB
[  203.934616] 524174 pages RAM
[  203.934616] 0 pages HighMem/MovableOnly
[  203.934616] 11584 pages reserved
[  203.934616] 0 pages cma reserved
[  203.934616] 0 pages hwpoisoned
[  203.934616] [ pid ]   uid  tgid total_vm      rss nr_ptes nr_pmds swapents oom_score_adj name
[  203.934616] [  254]     0   254    10546      962      23       4        0         -1000 systemd-udevd
[  203.934616] [  461]   104   461    64099      823      27       3        0             0 rsyslogd
[  203.934616] [  463]   106   463    10723      964      25       3        0          -900 dbus-daemon
[  203.934616] [  546]     0   546     4031      213      11       3        0             0 dhclient
[  203.934616] [  562]     0   562     7137      781      18       3        0             0 systemd-logind
[  203.934616] [  574]     0   574     7252      777      19       3        0             0 cron
[  203.934616] [  614]     0   614    16458      870      38       3        0             0 login
[  203.934616] [  620]     0   620     4868       56      14       3        0             0 irqbalance
[  203.934616] [  692]     0   692    80358      800      31       3        0             0 VBoxService
[  203.934616] [  733]     0   733     9174     1127      22       3        0             0 systemd
[  203.934616] [  736]     0   736    15272      447      32       3        0             0 (sd-pam)
[  203.934616] [  741]     0   741     5656     1336      16       3        0             0 bash
[  203.934616] [  771]     0   771     9552     1250      22       3        0             0 systemd-journal
[  203.934616] [  797]     0   797     5730      181       9       3        0             0 test
[  203.934616] Out of memory: Kill process 741 (bash) score 1 or sacrifice child
[  203.938616] Killed process 797 (test) total-vm:22920kB, anon-rss:80kB, file-rss:644kB
[  203.948254] swap_free: Bad swap file entry 244000000000ca71
[  203.948254] BUG: Bad page map in process test  pte:800000000194e224 pmd:7ca6c067
[  203.948254] addr:00007fbc69850000 vm_flags:08900073 anon_vma:          (null) mapping:          (null) index:7fbc69850
[  203.948254] file:          (null) fault:          (null) mmap:          (null) readpage:          (null)
[  203.948254] CPU: 0 PID: 799 Comm: test Tainted: G    B      OE   4.4.0 #53
[  203.948254] Hardware name: innotek GmbH VirtualBox/VirtualBox, BIOS VirtualBox 12/01/2006
[  203.948254]  0000000000000000 00000000b1d7b280 ffff88007ae8fab8 ffffffff8125e96f
[  203.948254]  00007fbc69850000 ffff88007ae8fb08 ffffffff8111485f ffff88007ae8fae0
[  203.948254]  ffffffff811296c7 244000000000ca71 00007fbc69850000 800000000194e224
[  203.948254] Call Trace:
[  203.948254]  [<ffffffff8125e96f>] dump_stack+0x44/0x55
[  203.948254]  [<ffffffff8111485f>] print_bad_pte+0x19f/0x230
[  203.948254]  [<ffffffff811296c7>] ? swap_info_get+0x77/0xd0
[  203.948254]  [<ffffffff811162e9>] unmap_single_vma+0x439/0x740
