[    0.000000] Initializing cgroup subsys cpuset
[    0.000000] Initializing cgroup subsys cpu
[    0.000000] Initializing cgroup subsys cpuacct
[    0.000000] Linux version 4.4.0 (root@ubuntu) (gcc version 5.4.0 20160609 (Ubuntu 5.4.0-6ubuntu1~16.04.12) ) #10 SMP Fri Nov 4 21:18:00 CDT 2022
[    0.000000] Command line: BOOT_IMAGE=/boot/vmlinuz-4.4.0 root=UUID=a2e83cc8-9129-4a9d-ab9d-4adb7b5bfc20 ro nokaslr
[    0.000000] KERNEL supported cpus:
[    0.000000]   Intel GenuineIntel
[    0.000000]   AMD AuthenticAMD
[    0.000000]   Centaur CentaurHauls
[    0.000000] x86/fpu: Legacy x87 FPU detected.
[    0.000000] x86/fpu: Using 'lazy' FPU context switches.
[    0.000000] e820: BIOS-provided physical RAM map:
[    0.000000] BIOS-e820: [mem 0x0000000000000000-0x000000000009fbff] usable
[    0.000000] BIOS-e820: [mem 0x000000000009fc00-0x000000000009ffff] reserved
[    0.000000] BIOS-e820: [mem 0x00000000000f0000-0x00000000000fffff] reserved
[    0.000000] BIOS-e820: [mem 0x0000000000100000-0x000000007ffeffff] usable
[    0.000000] BIOS-e820: [mem 0x000000007fff0000-0x000000007fffffff] ACPI data
[    0.000000] BIOS-e820: [mem 0x00000000fec00000-0x00000000fec00fff] reserved
[    0.000000] BIOS-e820: [mem 0x00000000fee00000-0x00000000fee00fff] reserved
[    0.000000] BIOS-e820: [mem 0x00000000fffc0000-0x00000000ffffffff] reserved
[    0.000000] NX (Execute Disable) protection: active
[    0.000000] SMBIOS 2.5 present.
[    0.000000] DMI: innotek GmbH VirtualBox/VirtualBox, BIOS VirtualBox 12/01/2006
[    0.000000] e820: update [mem 0x00000000-0x00000fff] usable ==> reserved
[    0.000000] e820: remove [mem 0x000a0000-0x000fffff] usable
[    0.000000] e820: last_pfn = 0x7fff0 max_arch_pfn = 0x400000000
[    0.000000] MTRR default type: uncachable
[    0.000000] MTRR fixed ranges disabled:
[    0.000000]   00000-FFFFF uncachable
[    0.000000] MTRR variable ranges disabled:
[    0.000000]   0 disabled
[    0.000000]   1 disabled
[    0.000000]   2 disabled
[    0.000000]   3 disabled
[    0.000000]   4 disabled
[    0.000000]   5 disabled
[    0.000000]   6 disabled
[    0.000000]   7 disabled
[    0.000000] x86/PAT: Configuration [0-7]: WB  WC  UC- UC  WB  WC  UC- WT  
[    0.000000] MTRR: Disabled
[    0.000000] CPU MTRRs all blank - virtualized system.
[    0.000000] found SMP MP-table at [mem 0x0009fff0-0x0009ffff] mapped at [ffff88000009fff0]
[    0.000000] Base memory trampoline at [ffff880000099000] 99000 size 24576
[    0.000000] BRK [0x019fe000, 0x019fefff] PGTABLE
[    0.000000] BRK [0x019ff000, 0x019fffff] PGTABLE
[    0.000000] BRK [0x01a00000, 0x01a00fff] PGTABLE
[    0.000000] BRK [0x01a01000, 0x01a01fff] PGTABLE
[    0.000000] BRK [0x01a02000, 0x01a02fff] PGTABLE
[    0.000000] RAMDISK: [mem 0x35ea6000-0x36f4afff]
[    0.000000] ACPI: Early table checksum verification disabled
[    0.000000] ACPI: RSDP 0x00000000000E0000 000024 (v02 VBOX  )
[    0.000000] ACPI: XSDT 0x000000007FFF0030 00003C (v01 VBOX   VBOXXSDT 00000001 ASL  00000061)
[    0.000000] ACPI: FACP 0x000000007FFF00F0 0000F4 (v04 VBOX   VBOXFACP 00000001 ASL  00000061)
[    0.000000] ACPI: DSDT 0x000000007FFF0490 002325 (v02 VBOX   VBOXBIOS 00000002 INTL 20100528)
[    0.000000] ACPI: FACS 0x000000007FFF0200 000040
[    0.000000] ACPI: FACS 0x000000007FFF0200 000040
[    0.000000] ACPI: APIC 0x000000007FFF0240 00007C (v02 VBOX   VBOXAPIC 00000001 ASL  00000061)
[    0.000000] ACPI: SSDT 0x000000007FFF02C0 0001CC (v01 VBOX   VBOXCPUT 00000002 INTL 20100528)
[    0.000000] ACPI: Local APIC address 0xfee00000
[    0.000000] Zone ranges:
[    0.000000]   DMA      [mem 0x0000000000001000-0x0000000000ffffff]
[    0.000000]   DMA32    [mem 0x0000000001000000-0x000000007ffeffff]
[    0.000000]   Normal   empty
[    0.000000] Movable zone start for each node
[    0.000000] Early memory node ranges
[    0.000000]   node   0: [mem 0x0000000000001000-0x000000000009efff]
[    0.000000]   node   0: [mem 0x0000000000100000-0x000000007ffeffff]
[    0.000000] Initmem setup node 0 [mem 0x0000000000001000-0x000000007ffeffff]
[    0.000000] On node 0 totalpages: 524174
[    0.000000]   DMA zone: 64 pages used for memmap
[    0.000000]   DMA zone: 21 pages reserved
[    0.000000]   DMA zone: 3998 pages, LIFO batch:0
[    0.000000]   DMA32 zone: 8128 pages used for memmap
[    0.000000]   DMA32 zone: 520176 pages, LIFO batch:31
[    0.000000] ACPI: PM-Timer IO Port: 0x4008
[    0.000000] ACPI: Local APIC address 0xfee00000
[    0.000000] IOAPIC[0]: apic_id 6, version 32, address 0xfec00000, GSI 0-23
[    0.000000] ACPI: INT_SRC_OVR (bus 0 bus_irq 0 global_irq 2 dfl dfl)
[    0.000000] ACPI: INT_SRC_OVR (bus 0 bus_irq 9 global_irq 9 low level)
[    0.000000] ACPI: IRQ0 used by override.
[    0.000000] ACPI: IRQ9 used by override.
[    0.000000] Using ACPI (MADT) for SMP configuration information
[    0.000000] smpboot: Allowing 6 CPUs, 0 hotplug CPUs
[    0.000000] e820: [mem 0x80000000-0xfebfffff] available for PCI devices
[    0.000000] clocksource: refined-jiffies: mask: 0xffffffff max_cycles: 0xffffffff, max_idle_ns: 7645519600211568 ns
[    0.000000] setup_percpu: NR_CPUS:512 nr_cpumask_bits:512 nr_cpu_ids:6 nr_node_ids:1
[    0.000000] PERCPU: Embedded 31 pages/cpu @ffff88007fc00000 s86360 r8192 d32424 u262144
[    0.000000] pcpu-alloc: s86360 r8192 d32424 u262144 alloc=1*2097152
[    0.000000] pcpu-alloc: [0] 0 1 2 3 4 5 - - 
[    0.000000] Built 1 zonelists in Zone order, mobility grouping on.  Total pages: 515961
[    0.000000] Kernel command line: BOOT_IMAGE=/boot/vmlinuz-4.4.0 root=UUID=a2e83cc8-9129-4a9d-ab9d-4adb7b5bfc20 ro nokaslr
[    0.000000] PID hash table entries: 4096 (order: 3, 32768 bytes)
[    0.000000] Dentry cache hash table entries: 262144 (order: 9, 2097152 bytes)
[    0.000000] Inode-cache hash table entries: 131072 (order: 8, 1048576 bytes)
[    0.000000] Memory: 2032476K/2096696K available (5379K kernel code, 589K rwdata, 2724K rodata, 812K init, 692K bss, 64220K reserved, 0K cma-reserved)
[    0.000000] Hierarchical RCU implementation.
[    0.000000] 	Build-time adjustment of leaf fanout to 64.
[    0.000000] 	RCU restricting CPUs from NR_CPUS=512 to nr_cpu_ids=6.
[    0.000000] RCU: Adjusting geometry for rcu_fanout_leaf=64, nr_cpu_ids=6
[    0.000000] NR_IRQS:33024 nr_irqs:472 16
[    0.000000] Console: colour VGA+ 80x25
[    0.000000] console [tty0] enabled
[    0.000000] tsc: Fast TSC calibration failed
[    0.000000] tsc: Unable to calibrate against PIT
[    0.000000] tsc: HPET/PMTIMER calibration failed
[    0.000000] tsc: Marking TSC unstable due to could not calculate TSC khz
[    0.024000] Calibrating delay loop... 4083.71 BogoMIPS (lpj=8167424)
[    0.040000] pid_max: default: 32768 minimum: 301
[    0.044000] ACPI: Core revision 20150930
[    0.048000] ACPI: 2 ACPI AML tables successfully acquired and loaded
[    0.052000] Mount-cache hash table entries: 4096 (order: 3, 32768 bytes)
[    0.056000] Mountpoint-cache hash table entries: 4096 (order: 3, 32768 bytes)
[    0.060000] Initializing cgroup subsys io
[    0.064000] Initializing cgroup subsys memory
[    0.068000] Initializing cgroup subsys devices
[    0.072000] Initializing cgroup subsys freezer
[    0.072000] Initializing cgroup subsys net_cls
[    0.080000] Initializing cgroup subsys perf_event
[    0.084000] Initializing cgroup subsys net_prio
[    0.088000] Initializing cgroup subsys pids
[    0.092000] CPU: Physical Processor ID: 0
[    0.096000] CPU: Processor Core ID: 0
[    0.100000] mce: CPU supports 0 MCE banks
[    0.104000] Last level iTLB entries: 4KB 64, 2MB 8, 4MB 8
[    0.108000] Last level dTLB entries: 4KB 64, 2MB 0, 4MB 0, 1GB 4
[    0.128000] Freeing SMP alternatives memory: 20K (ffffffff8194b000 - ffffffff81950000)
[    0.140000] ..TIMER: vector=0x30 apic1=0 pin1=2 apic2=-1 pin2=-1
[    0.180000] APIC calibration not consistent with PM-Timer: 96ms instead of 100ms
[    0.180000] APIC delta adjusted to PM-Timer: 6323341 (6106200)
[    0.184000] smpboot: CPU0: Intel(R) Core(TM) i7-7700HQ CPU @ 2.80GHz (family: 0x6, model: 0x9e, stepping: 0x9)
[    0.188000] Performance Events: unsupported p6 CPU model 158 no PMU driver, software events only.
[    0.196000] x86: Booting SMP configuration:
[    0.200000] .... node  #0, CPUs:      #1
[    0.204000] NMI watchdog: disabled (cpu0): hardware events not enabled
[    0.208000] NMI watchdog: Shutting down hard lockup detector on all cpus
[    0.024000] mce: CPU supports 0 MCE banks
[    0.024000]  #2
[    0.024000] mce: CPU supports 0 MCE banks
[    0.024000]  #3
[    0.024000] mce: CPU supports 0 MCE banks
[    0.024000]  #4
[    0.024000] mce: CPU supports 0 MCE banks
[    0.024000]  #5
[    0.024000] mce: CPU supports 0 MCE banks
[    0.248000] x86: Booted up 1 node, 6 CPUs
[    0.260000] smpboot: Total of 6 processors activated (24502.27 BogoMIPS)
[    0.268000] devtmpfs: initialized
[    0.272000] clocksource: jiffies: mask: 0xffffffff max_cycles: 0xffffffff, max_idle_ns: 7645041785100000 ns
[    0.280000] pinctrl core: initialized pinctrl subsystem
[    0.284000] NET: Registered protocol family 16
[    0.300000] cpuidle: using governor ladder
[    0.312000] cpuidle: using governor menu
[    0.312000] ACPI: bus type PCI registered
[    0.316000] PCI: Using configuration type 1 for base access
[    0.336000] ACPI: Added _OSI(Module Device)
[    0.340000] ACPI: Added _OSI(Processor Device)
[    0.344000] ACPI: Added _OSI(3.0 _SCP Extensions)
[    0.344000] ACPI: Added _OSI(Processor Aggregator Device)
[    0.348000] ACPI: Executed 1 blocks of module-level executable AML code
[    0.356000] ACPI: Interpreter enabled
[    0.360000] ACPI: (supports S0 S5)
[    0.360000] ACPI: Using IOAPIC for interrupt routing
[    0.364000] PCI: Using host bridge windows from ACPI; if necessary, use "pci=nocrs" and report a bug
[    0.376000] ACPI: PCI Root Bridge [PCI0] (domain 0000 [bus 00-ff])
[    0.380000] acpi PNP0A03:00: _OSC: OS supports [Segments MSI]
[    0.384000] acpi PNP0A03:00: PCIe port services disabled; not requesting _OSC control
[    0.388000] acpi PNP0A03:00: fail to add MMCONFIG information, can't access extended PCI configuration space under this bridge.
[    0.392000] PCI host bridge to bus 0000:00
[    0.396000] pci_bus 0000:00: root bus resource [io  0x0000-0x0cf7 window]
[    0.400000] pci_bus 0000:00: root bus resource [io  0x0d00-0xffff window]
[    0.404000] pci_bus 0000:00: root bus resource [mem 0x000a0000-0x000bffff window]
[    0.408000] pci_bus 0000:00: root bus resource [mem 0x80000000-0xfdffffff window]
[    0.412000] pci_bus 0000:00: root bus resource [bus 00-ff]
[    0.416000] pci 0000:00:00.0: [8086:1237] type 00 class 0x060000
[    0.416000] pci 0000:00:01.0: [8086:7000] type 00 class 0x060100
[    0.420000] pci 0000:00:01.1: [8086:7111] type 00 class 0x01018a
[    0.420000] pci 0000:00:01.1: reg 0x20: [io  0xd000-0xd00f]
[    0.420000] pci 0000:00:01.1: legacy IDE quirk: reg 0x10: [io  0x01f0-0x01f7]
[    0.424000] pci 0000:00:01.1: legacy IDE quirk: reg 0x14: [io  0x03f6]
[    0.428000] pci 0000:00:01.1: legacy IDE quirk: reg 0x18: [io  0x0170-0x0177]
[    0.432000] pci 0000:00:01.1: legacy IDE quirk: reg 0x1c: [io  0x0376]
[    0.436000] pci 0000:00:02.0: [15ad:0405] type 00 class 0x030000
[    0.436000] pci 0000:00:02.0: reg 0x10: [io  0xd010-0xd01f]
[    0.440000] pci 0000:00:02.0: reg 0x14: [mem 0xe0000000-0xe0ffffff pref]
[    0.440000] pci 0000:00:02.0: reg 0x18: [mem 0xf0000000-0xf01fffff]
[    0.444000] pci 0000:00:03.0: [8086:100e] type 00 class 0x020000
[    0.448000] pci 0000:00:03.0: reg 0x10: [mem 0xf0200000-0xf021ffff]
[    0.448000] pci 0000:00:03.0: reg 0x18: [io  0xd020-0xd027]
[    0.448000] pci 0000:00:04.0: [80ee:cafe] type 00 class 0x088000
[    0.452000] pci 0000:00:04.0: reg 0x10: [io  0xd040-0xd05f]
[    0.452000] pci 0000:00:04.0: reg 0x14: [mem 0xf0400000-0xf07fffff]
[    0.452000] pci 0000:00:04.0: reg 0x18: [mem 0xf0800000-0xf0803fff pref]
[    0.456000] pci 0000:00:05.0: [8086:2415] type 00 class 0x040100
[    0.456000] pci 0000:00:05.0: reg 0x10: [io  0xd100-0xd1ff]
[    0.456000] pci 0000:00:05.0: reg 0x14: [io  0xd200-0xd23f]
[    0.456000] pci 0000:00:06.0: [106b:003f] type 00 class 0x0c0310
[    0.456000] pci 0000:00:06.0: reg 0x10: [mem 0xf0804000-0xf0804fff]
[    0.460000] pci 0000:00:07.0: [8086:7113] type 00 class 0x068000
[    0.460000] pci 0000:00:07.0: quirk: [io  0x4000-0x403f] claimed by PIIX4 ACPI
[    0.464000] pci 0000:00:07.0: quirk: [io  0x4100-0x410f] claimed by PIIX4 SMB
[    0.468000] pci 0000:00:0d.0: [8086:2829] type 00 class 0x010601
[    0.468000] pci 0000:00:0d.0: reg 0x10: [io  0xd240-0xd247]
[    0.468000] pci 0000:00:0d.0: reg 0x14: [io  0xd248-0xd24b]
[    0.468000] pci 0000:00:0d.0: reg 0x18: [io  0xd250-0xd257]
[    0.472000] pci 0000:00:0d.0: reg 0x1c: [io  0xd258-0xd25b]
[    0.472000] pci 0000:00:0d.0: reg 0x20: [io  0xd260-0xd26f]
[    0.472000] pci 0000:00:0d.0: reg 0x24: [mem 0xf0806000-0xf0807fff]
[    0.472000] pci_bus 0000:00: on NUMA node 0
[    0.476000] ACPI: PCI Interrupt Link [LNKA] (IRQs 5 9 10 *11)
[    0.480000] ACPI: PCI Interrupt Link [LNKB] (IRQs 5 9 *10 11)
[    0.484000] ACPI: PCI Interrupt Link [LNKC] (IRQs 5 *9 10 11)
[    0.488000] ACPI: PCI Interrupt Link [LNKD] (IRQs 5 9 10 *11)
[    0.496000] ACPI: Enabled 2 GPEs in block 00 to 07
[    0.496000] vgaarb: setting as boot device: PCI:0000:00:02.0
[    0.496000] vgaarb: device added: PCI:0000:00:02.0,decodes=io+mem,owns=io+mem,locks=none
[    0.500000] vgaarb: loaded
[    0.500000] vgaarb: bridge control possible 0000:00:02.0
[    0.504000] SCSI subsystem initialized
[    0.508000] libata version 3.00 loaded.
[    0.508000] ACPI: bus type USB registered
[    0.508000] usbcore: registered new interface driver usbfs
[    0.512000] usbcore: registered new interface driver hub
[    0.516000] usbcore: registered new device driver usb
[    0.520000] PCI: Using ACPI for IRQ routing
[    0.520000] PCI: pci_cache_line_size set to 64 bytes
[    0.520000] e820: reserve RAM buffer [mem 0x0009fc00-0x0009ffff]
[    0.520000] e820: reserve RAM buffer [mem 0x7fff0000-0x7fffffff]
[    0.524000] clocksource: Switched to clocksource refined-jiffies
[    0.528000] pnp: PnP ACPI init
[    0.528000] pnp 00:00: Plug and Play ACPI device, IDs PNP0303 (active)
[    0.528000] pnp 00:01: Plug and Play ACPI device, IDs PNP0f03 (active)
[    0.532000] pnp: PnP ACPI: found 2 devices
[    0.572003] clocksource: acpi_pm: mask: 0xffffff max_cycles: 0xffffff, max_idle_ns: 2085701024 ns
[    0.576003] clocksource: Switched to clocksource acpi_pm
[    0.601662] hrtimer: interrupt took 20032155 ns
[    0.642974] pci_bus 0000:00: resource 4 [io  0x0000-0x0cf7 window]
[    0.642974] pci_bus 0000:00: resource 5 [io  0x0d00-0xffff window]
[    0.642974] pci_bus 0000:00: resource 6 [mem 0x000a0000-0x000bffff window]
[    0.642974] pci_bus 0000:00: resource 7 [mem 0x80000000-0xfdffffff window]
[    0.648159] NET: Registered protocol family 2
[    0.653784] TCP established hash table entries: 16384 (order: 5, 131072 bytes)
[    0.654343] TCP bind hash table entries: 16384 (order: 6, 262144 bytes)
[    0.663578] TCP: Hash tables configured (established 16384 bind 16384)
[    0.663578] UDP hash table entries: 1024 (order: 3, 32768 bytes)
[    0.663578] UDP-Lite hash table entries: 1024 (order: 3, 32768 bytes)
[    0.678003] NET: Registered protocol family 1
[    0.681861] pci 0000:00:00.0: Limiting direct PCI/PCI transfers
[    0.681861] pci 0000:00:01.0: Activating ISA DMA hang workarounds
[    0.681861] pci 0000:00:02.0: Video device with shadowed ROM
[    0.681861] PCI: CLS 0 bytes, default 64
[    0.681861] Unpacking initramfs...
[    0.933699] Freeing initrd memory: 17044K (ffff880035ea6000 - ffff880036f4b000)
[    0.933699] platform rtc_cmos: registered platform RTC device (no PNP device found)
[    0.948442] futex hash table entries: 2048 (order: 5, 131072 bytes)
[    0.953766] audit: initializing netlink subsys (disabled)
[    0.957490] audit: type=2000 audit(1667614738.955:1): initialized
[    0.957490] Initialise system trusted keyring
[    0.969149] zbud: loaded
[    1.000347] Key type asymmetric registered
[    1.000347] Asymmetric key parser 'x509' registered
[    1.006132] Block layer SCSI generic (bsg) driver version 0.4 loaded (major 251)
[    1.013757] io scheduler noop registered
[    1.013757] io scheduler deadline registered (default)
[    1.024182] io scheduler cfq registered
[    1.024182] ACPI: AC Adapter [AC] (on-line)
[    1.026110] input: Power Button as /devices/LNXSYSTM:00/LNXPWRBN:00/input/input0
[    1.026110] ACPI: Power Button [PWRF]
[    1.026110] input: Sleep Button as /devices/LNXSYSTM:00/LNXSLPBN:00/input/input1
[    1.026110] ACPI: Sleep Button [SLPF]
[    1.046917] GHES: HEST is not enabled!
[    1.047334] ACPI: Battery Slot [BAT0] (battery present)
[    1.058028] Serial: 8250/16550 driver, 32 ports, IRQ sharing enabled
[    1.096673] Linux agpgart interface v0.103
[    1.115995] loop: module loaded
[    1.118172] ahci 0000:00:0d.0: version 3.0
[    1.118172] ahci 0000:00:0d.0: SSS flag set, parallel bus scan disabled
[    1.118172] ahci 0000:00:0d.0: AHCI 0001.0100 32 slots 1 ports 3 Gbps 0x1 impl SATA mode
[    1.118172] ahci 0000:00:0d.0: flags: 64bit ncq stag only ccc 
[    1.138696] scsi host0: ahci
[    1.138696] ata1: SATA max UDMA/133 abar m8192@0xf0806000 port 0xf0806100 irq 21
[    1.139088] libphy: Fixed MDIO Bus: probed
[    1.148681] tun: Universal TUN/TAP device driver, 1.6
[    1.148681] tun: (C) 1999-2004 Max Krasnyansky <maxk@qualcomm.com>
[    1.159534] PPP generic driver version 2.4.2
[    1.160785] ehci_hcd: USB 2.0 'Enhanced' Host Controller (EHCI) Driver
[    1.160785] ehci-pci: EHCI PCI platform driver
[    1.160785] ehci-platform: EHCI generic platform driver
[    1.160785] ohci_hcd: USB 1.1 'Open' Host Controller (OHCI) Driver
[    1.160785] ohci-pci: OHCI PCI platform driver
[    1.160785] ohci-pci 0000:00:06.0: OHCI PCI host controller
[    1.160785] ohci-pci 0000:00:06.0: new USB bus registered, assigned bus number 1
[    1.160785] ohci-pci 0000:00:06.0: irq 22, io mem 0xf0804000
[    1.221051] usb usb1: New USB device found, idVendor=1d6b, idProduct=0001
[    1.221051] usb usb1: New USB device strings: Mfr=3, Product=2, SerialNumber=1
[    1.221051] usb usb1: Product: OHCI PCI host controller
[    1.221051] usb usb1: Manufacturer: Linux 4.4.0 ohci_hcd
[    1.221051] usb usb1: SerialNumber: 0000:00:06.0
[    1.247948] hub 1-0:1.0: USB hub found
[    1.247948] hub 1-0:1.0: 12 ports detected
[    1.247948] ohci-platform: OHCI generic platform driver
[    1.247948] uhci_hcd: USB Universal Host Controller Interface driver
[    1.247948] i8042: PNP: PS/2 Controller [PNP0303:PS2K,PNP0f03:PS2M] at 0x60,0x64 irq 1,12
[    1.269244] serio: i8042 KBD port at 0x60,0x64 irq 1
[    1.275156] serio: i8042 AUX port at 0x60,0x64 irq 12
[    1.279668] mousedev: PS/2 mouse device common for all mice
[    1.292201] rtc_cmos rtc_cmos: rtc core: registered rtc_cmos as rtc0
[    1.294021] rtc_cmos rtc_cmos: alarms up to one day, 114 bytes nvram
[    1.298878] input: AT Translated Set 2 keyboard as /devices/platform/i8042/serio0/input/input2
[    1.298878] i2c /dev entries driver
[    1.309683] NET: Registered protocol family 17
[    1.313412] Key type dns_resolver registered
[    1.317399] microcode: CPU0 sig=0x906e9, pf=0x2, revision=0xffffffff
[    1.324910] microcode: CPU1 sig=0x906e9, pf=0x2, revision=0xffffffff
[    1.334381] microcode: CPU2 sig=0x906e9, pf=0x2, revision=0xffffffff
[    1.340934] microcode: CPU3 sig=0x906e9, pf=0x2, revision=0xffffffff
[    1.352871] microcode: CPU4 sig=0x906e9, pf=0x2, revision=0xffffffff
[    1.359081] microcode: CPU5 sig=0x906e9, pf=0x2, revision=0xffffffff
[    1.368823] microcode: Microcode Update Driver: v2.01 <tigran@aivazian.fsnet.co.uk>, Peter Oruba
[    1.380054] Loading compiled-in X.509 certificates
[    1.381698] Loaded X.509 cert 'Build time autogenerated kernel key: 372819dd2b948a4a11ccea7dc6a174dc25616154'
[    1.381698] zswap: loaded using pool lzo/zbud
[    1.400320] rtc_cmos rtc_cmos: setting system clock to 2022-11-05 02:19:00 UTC (1667614740)
[    1.472257] ata1: SATA link up 3.0 Gbps (SStatus 123 SControl 300)
[    1.480379] ata1.00: ATA-6: VBOX HARDDISK, 1.0, max UDMA/133
[    1.484220] ata1.00: 20971520 sectors, multi 128: LBA48 NCQ (depth 31/32)
[    1.500344] ata1.00: configured for UDMA/133
[    1.504931] scsi 0:0:0:0: Direct-Access     ATA      VBOX HARDDISK    1.0  PQ: 0 ANSI: 5
[    1.509300] sd 0:0:0:0: [sda] 20971520 512-byte logical blocks: (10.7 GB/10.0 GiB)
[    1.516735] sd 0:0:0:0: [sda] Write Protect is off
[    1.521891] sd 0:0:0:0: [sda] Mode Sense: 00 3a 00 00
[    1.521891] sd 0:0:0:0: [sda] Write cache: enabled, read cache: enabled, doesn't support DPO or FUA
[    1.529136] sd 0:0:0:0: Attached scsi generic sg0 type 0
[    1.538006]  sda: sda1 sda2 < sda5 >
[    1.542557] sd 0:0:0:0: [sda] Attached SCSI disk
[    1.552334] Freeing unused kernel memory: 812K (ffffffff81880000 - ffffffff8194b000)
[    1.614500] random: systemd-udevd urandom read with 12 bits of entropy available
[    1.680398] usb 1-1: new full-speed USB device number 2 using ohci-pci
[    1.756283] e1000: Intel(R) PRO/1000 Network Driver - version 7.3.21-k8-NAPI
[    1.772938] e1000: Copyright (c) 1999-2006 Intel Corporation.
[    1.804219] [drm] Initialized drm 1.1.0 20060810
[    2.052442] input: ImExPS/2 Generic Explorer Mouse as /devices/platform/i8042/serio1/input/input4
[    2.704229] e1000 0000:00:03.0 eth0: (PCI:33MHz:32-bit) 08:00:27:8b:8b:23
[    2.706848] e1000 0000:00:03.0 eth0: Intel(R) PRO/1000 Network Connection
[    2.716300] [drm] DMA map mode: Using physical TTM page addresses.
[    2.716300] e1000 0000:00:03.0 enp0s3: renamed from eth0
[    2.730562] [drm] Capabilities:
[    2.733642] [drm]   Cursor.
[    2.733642] [drm]   Cursor bypass 2.
[    2.741545] [drm]   Alpha cursor.
[    2.741545] [drm]   3D.
[    2.741545] [drm]   Extended Fifo.
[    2.741545] [drm]   Pitchlock.
[    2.741545] [drm]   Irq mask.
[    2.756373] [drm]   GMR.
[    2.756373] [drm]   Traces.
[    2.764381] [drm]   GMR2.
[    2.764381] [drm]   Screen Object 2.
[    2.764381] [drm] Max GMR ids is 8192
[    2.771686] [drm] Max number of GMR pages is 1048576
[    2.780159] [drm] Max dedicated hypervisor surface memory is 507904 kiB
[    2.788948] [drm] Maximum display memory size is 16384 kiB
[    2.793624] [drm] VRAM at 0xe0000000 size is 16384 kiB
[    2.800233] usb 1-1: New USB device found, idVendor=80ee, idProduct=0021
[    2.800233] usb 1-1: New USB device strings: Mfr=1, Product=3, SerialNumber=0
[    2.800233] usb 1-1: Product: USB Tablet
[    2.800233] usb 1-1: Manufacturer: VirtualBox
[    2.814208] [drm] MMIO at 0xf0000000 size is 2048 kiB
[    2.817304] hidraw: raw HID events driver (C) Jiri Kosina
[    2.823063] [drm] global init.
[    2.827260] [TTM] Zone  kernel: Available graphics memory: 1025176 kiB
[    2.827260] [TTM] Initializing pool allocator
[    2.835468] [TTM] Initializing DMA pool allocator
[    2.838204] usbcore: registered new interface driver usbhid
[    2.838204] usbhid: USB HID core driver
[    2.854997] input: VirtualBox USB Tablet as /devices/pci0000:00/0000:00:06.0/usb1/1-1/1-1:1.0/0003:80EE:0021.0001/input/input5
[    2.860814] hid-generic 0003:80EE:0021.0001: input,hidraw0: USB HID v1.10 Mouse [VirtualBox USB Tablet] on usb-0000:00:06.0-1/input0
[    2.862962] [drm] Supports vblank timestamp caching Rev 2 (21.10.2013).
[    2.862962] [drm] No driver support for vblank timestamp query.
[    2.880797] [drm] Screen Objects Display Unit initialized
[    2.885224] [drm] width 720
[    2.885224] [drm] height 400
[    2.889854] [drm] bpp 32
[    2.889854] [drm] Fifo max 0x00200000 min 0x00001000 cap 0x00000355
[    2.902533] [drm] DX: no.
[    2.907080] fbcon: svgadrmfb (fb0) is primary device
[    2.982095] Console: switching to colour frame buffer device 100x37
[    2.982095] [drm] Initialized vmwgfx 2.9.0 20150810 for 0000:00:02.0 on minor 0
[    3.323012] EXT4-fs (sda1): mounted filesystem with ordered data mode. Opts: (null)
[    4.452056] systemd[1]: Failed to insert module 'autofs4': No such file or directory
[    5.292499] systemd[1]: systemd 229 running in system mode. (+PAM +AUDIT +SELINUX +IMA +APPARMOR +SMACK +SYSVINIT +UTMP +LIBCRYPTSETUP +GCRYPT +GNUTLS +ACL +XZ -LZ4 +SECCOMP +BLKID +ELFUTILS +KMOD -IDN)
[    5.292499] systemd[1]: Detected virtualization kvm.
[    5.292499] systemd[1]: Detected architecture x86-64.
[    5.305167] random: nonblocking pool is initialized
[    5.350571] systemd[1]: Set hostname to <ubuntu>.
[    6.480217] systemd[1]: Reached target Encrypted Volumes.
[    6.480217] systemd[1]: Started Forward Password Requests to Wall Directory Watch.
[    6.484332] systemd[1]: Created slice System Slice.
[    6.484332] systemd[1]: Reached target System Time Synchronized.
[    6.484332] systemd[1]: Started Trigger resolvconf update for networkd DNS.
[    6.488349] systemd[1]: Listening on udev Kernel Socket.
[    6.488349] systemd[1]: Reached target User and Group Name Lookups.
[    6.488349] systemd[1]: Listening on /dev/initctl Compatibility Named Pipe.
[    6.493781] systemd[1]: Listening on Journal Socket.
[    6.527385] systemd[1]: Starting Create list of required static device nodes for the current kernel...
[    6.527385] systemd[1]: Starting Uncomplicated firewall...
[    6.531989] systemd[1]: Mounting Debug File System...
[    6.532465] systemd[1]: Listening on Syslog Socket.
[    6.532465] systemd[1]: Created slice User and Session Slice.
[    6.536361] systemd[1]: Reached target Slices.
[    6.536361] systemd[1]: Listening on Journal Audit Socket.
[    6.539648] systemd[1]: Starting Set console keymap...
[    6.608319] systemd[1]: Starting Load Kernel Modules...
[    6.608319] systemd[1]: Listening on udev Control Socket.
[    6.612410] systemd[1]: Starting Nameserver information manager...
[    6.612410] systemd[1]: Listening on fsck to fsckd communication Socket.
[    6.616489] systemd[1]: Starting Remount Root and Kernel File Systems...
[    6.622041] systemd[1]: Listening on Journal Socket (/dev/log).
[    6.624378] systemd[1]: Starting Journal Service...
[    6.628307] systemd[1]: Mounting POSIX Message Queue File System...
[    6.632302] systemd[1]: Reached target Remote File Systems (Pre).
[    6.684346] systemd[1]: Reached target Remote File Systems.
[    6.704360] systemd[1]: Started Create list of required static device nodes for the current kernel.
[    6.708456] systemd[1]: Started Uncomplicated firewall.
[    6.708456] systemd[1]: Started Load Kernel Modules.
[    6.719311] systemd[1]: Starting Apply Kernel Variables...
[    6.727631] systemd[1]: Starting Create Static Device Nodes in /dev...
[    6.834191] systemd[1]: Started Apply Kernel Variables.
[    7.372026] systemd[1]: Mounted POSIX Message Queue File System.
[    7.372026] systemd[1]: Mounted Debug File System.
[    7.412950] EXT4-fs (sda1): re-mounted. Opts: errors=remount-ro
[    7.416708] systemd[1]: Started Remount Root and Kernel File Systems.
[    7.471192] systemd[1]: Starting udev Coldplug all Devices...
[    7.473527] systemd[1]: Starting Load/Save Random Seed...
[    7.475291] systemd[1]: Started Nameserver information manager.
[    7.476395] systemd[1]: Reached target Network (Pre).
[    7.521295] systemd[1]: Started Journal Service.
[    7.796205] systemd-journald[205]: Received request to flush runtime journal from PID 1
[    9.552251] ACPI: Video Device [GFX0] (multi-head: yes  rom: no  post: no)
[    9.552251] input: Video Bus as /devices/LNXSYSTM:00/LNXSYBUS:00/PNP0A03:00/LNXVIDEO:00/input/input6
[    9.596226] piix4_smbus 0000:00:07.0: SMBus Host Controller at 0x4100, revision 0
[    9.715908] vboxguest: module verification failed: signature and/or required key missing - tainting kernel
[    9.725929] vgdrvHeartbeatInit: Setting up heartbeat to trigger every 2000 milliseconds
[    9.725929] input: Unspecified device as /devices/pci0000:00/0000:00:04.0/input/input7
[    9.732270] vboxguest: Successfully loaded version 6.1.36 r152435
[    9.732270] vboxguest: misc device minor 56, IRQ 20, I/O port d040, MMIO at 00000000f0400000 (size 0x400000)
[    9.732270] vboxguest: Successfully loaded version 6.1.36 r152435 (interface 0x00010004)
[    9.910007] Adding 998396k swap on /dev/sda5.  Priority:-1 extents:1 across:998396k FS
[   11.236328] e1000: enp0s3 NIC Link is Up 1000 Mbps Full Duplex, Flow Control: RX
[   15.156310] vboxvideo: loading version 6.1.36 r152435
[   15.456312] 02:19:14.557530 main     VBoxService 6.1.36 r152435 (verbosity: 0) linux.amd64 (Jul 19 2022 23:10:49) release log
               02:19:14.557555 main     Log opened 2022-11-05T02:19:14.557484000Z
[   15.456312] 02:19:14.557664 main     OS Product: Linux
[   15.456312] 02:19:14.557739 main     OS Release: 4.4.0
[   15.456312] 02:19:14.558253 main     OS Version: #10 SMP Fri Nov 4 21:18:00 CDT 2022
[   15.456312] 02:19:14.558389 main     Executable: /opt/VBoxGuestAdditions-6.1.36/sbin/VBoxService
               02:19:14.558425 main     Process ID: 689
               02:19:14.558466 main     Package type: LINUX_64BITS_GENERIC
[   15.461134] 02:19:14.565596 main     6.1.36 r152435 started. Verbose level = 0
[   15.467999] 02:19:14.568279 main     vbglR3GuestCtrlDetectPeekGetCancelSupport: Supported (#1)
[   15.580749] vboxsf: g_fHostFeatures=0x8000000f g_fSfFeatures=0x1 g_uSfLastFunction=29
[   15.581807] vboxsf: Successfully loaded version 6.1.36 r152435
[   15.581807] vboxsf: Successfully loaded version 6.1.36 r152435 on 4.4.0 SMP mod_unload modversions  (LINUX_VERSION_CODE=0x40400)
[   15.588244] 02:19:14.687964 automount vbsvcAutomounterMountIt: Successfully mounted 'shared' on '/mnt/shared'
[   59.113179] current->mm->mmap->buf[0]: H
[   59.113179] current->mm->mmap->buf[1]: e
[   59.113179] current->mm->mmap->buf[2]: l
[   59.113179] current->mm->mmap->buf[3]: l
[   59.113179] current->mm->mmap->buf[4]: o
[   59.113179] current->mm->mmap->buf[5]:  
[   59.113179] current->mm->mmap->buf[6]: W
[   59.113179] current->mm->mmap->buf[7]: o
[   59.113179] current->mm->mmap->buf[8]: r
[   59.113179] current->mm->mmap->buf[9]: l
[   59.113179] current->mm->mmap->buf[10]: d
[   59.113179] current->mm->mmap->buf[11]: 
[   59.113179] size of buf: 8, size: 12 
[   59.113179] current->mm->mmap->buf[0]: H
[   59.113179] PGD 19fe067 PUD 1a01067 PMD 800000007ba001e3 BAD
[   59.113179] PGD 19fe067 PUD 1a01067 PMD 800000007ba001e3 BAD
[   59.113179] PGD 36274067 PUD 7c78a067 PMD 7cb68067 PTE 8000000073e30867
[   59.113179] buffer[0]: \xffffffe0
[   59.113179] Invalid pte of vma->buf
[   59.113179] current->mm->mmap->buf[1]: e
[   59.113179] PGD 19fe067 PUD 1a01067 PMD 800000007ba001e3 BAD
[   59.113179] PGD 19fe067 PUD 1a01067 PMD 800000007ba001e3 BAD
[   59.113179] PGD 36274067 PUD 7c78a067 PMD 7cb68067 PTE 8000000073e30867
[   59.113179] buffer[1]: 
[   59.113179] Invalid pte of vma->buf
[   59.113179] current->mm->mmap->buf[2]: l
[   59.113179] PGD 19fe067 PUD 1a01067 PMD 800000007ba001e3 BAD
[   59.113179] PGD 19fe067 PUD 1a01067 PMD 800000007ba001e3 BAD
[   59.113179] PGD 36274067 PUD 7c78a067 PMD 7cb68067 PTE 8000000073e30867
[   59.113179] buffer[2]: @
[   59.113179] Invalid pte of vma->buf
[   59.113179] null pointer in rval buffer: 3
[  362.497172] current->mm->mmap->buf[0]: H
[  362.497172] current->mm->mmap->buf[1]: e
[  362.497172] current->mm->mmap->buf[2]: l
[  362.497172] current->mm->mmap->buf[3]: l
[  362.497172] current->mm->mmap->buf[4]: o
[  362.497172] current->mm->mmap->buf[5]:  
[  362.497172] current->mm->mmap->buf[6]: W
[  362.497172] current->mm->mmap->buf[7]: o
[  362.497172] current->mm->mmap->buf[8]: r
[  362.497172] current->mm->mmap->buf[9]: l
[  362.497172] current->mm->mmap->buf[10]: d
[  362.497172] current->mm->mmap->buf[11]: 
[  362.497172] size of buf: 8, size: 12 
[  362.497172] current->mm->mmap->buf[0]: H
[  362.497172] PGD 19fe067 PUD 1a01067 PMD 80000000794001e3 BAD
[  362.497172] PGD 19fe067 PUD 1a01067 PMD 80000000794001e3 BAD
[  362.497172] PGD 7c68f067 PUD 36b0d067 PMD 78353067 PTE 80000000730d5867
[  362.497172] buffer[0]: \xfffffff0
[  362.497172] Invalid pte of vma->buf
[  362.497172] current->mm->mmap->buf[1]: e
[  362.497172] PGD 19fe067 PUD 1a01067 PMD 80000000794001e3 BAD
[  362.497172] PGD 19fe067 PUD 1a01067 PMD 80000000794001e3 BAD
[  362.497172] PGD 7c68f067 PUD 36b0d067 PMD 78353067 PTE 80000000730d5867
[  362.497172] buffer[1]: 
[  362.497172] Invalid pte of vma->buf
[  362.497172] current->mm->mmap->buf[2]: l
[  362.497172] PGD 19fe067 PUD 1a01067 PMD 80000000794001e3 BAD
[  362.497172] PGD 19fe067 PUD 1a01067 PMD 80000000794001e3 BAD
[  362.497172] PGD 7c68f067 PUD 36b0d067 PMD 78353067 PTE 80000000730d5867
[  362.497172] buffer[2]: @
[  362.497172] Invalid pte of vma->buf
[  362.497172] null pointer in rval buffer: 3
[  524.518060] current->mm->mmap->buf[0]: H
[  524.518060] current->mm->mmap->buf[1]: e
[  524.518060] current->mm->mmap->buf[2]: l
[  524.518060] current->mm->mmap->buf[3]: l
[  524.518060] current->mm->mmap->buf[4]: o
[  524.518060] current->mm->mmap->buf[5]:  
[  524.518060] current->mm->mmap->buf[6]: W
[  524.518060] current->mm->mmap->buf[7]: o
[  524.518060] current->mm->mmap->buf[8]: r
[  524.518060] current->mm->mmap->buf[9]: l
[  524.518060] current->mm->mmap->buf[10]: d
[  524.518060] current->mm->mmap->buf[11]: 
[  524.518060] size of buf: 8, size: 12 
[  524.518060] current->mm->mmap->buf[0]: H
[  524.518060] PGD 19fe067 PUD 1a01067 PMD 8000000079a001e3 BAD
[  524.518060] PGD 19fe067 PUD 1a01067 PMD 8000000079a001e3 BAD
[  524.518060] PGD 79801067 PUD 35f87067 PMD 7b4a6067 PTE 800000007264b867
[  524.518060] buffer[0]: \xfffffff0
[  524.518060] Invalid pte of vma->buf
[  524.518060] current->mm->mmap->buf[1]: e
[  524.518060] PGD 19fe067 PUD 1a01067 PMD 8000000079a001e3 BAD
[  524.518060] PGD 19fe067 PUD 1a01067 PMD 8000000079a001e3 BAD
[  524.518060] PGD 79801067 PUD 35f87067 PMD 7b4a6067 PTE 800000007264b867
[  524.518060] buffer[1]: 
[  524.518060] Invalid pte of vma->buf
[  524.518060] current->mm->mmap->buf[2]: l
[  524.518060] PGD 19fe067 PUD 1a01067 PMD 8000000079a001e3 BAD
[  524.518060] PGD 19fe067 PUD 1a01067 PMD 8000000079a001e3 BAD
[  524.518060] PGD 79801067 PUD 35f87067 PMD 7b4a6067 PTE 800000007264b867
[  524.518060] buffer[2]: @
[  524.518060] Invalid pte of vma->buf
[  524.518060] null pointer in rval buffer: 3
